Archive member included to satisfy reference by file (symbol)

d:/programfiles/stm32/gcc-arm-none-eabi-10.3-2021.10/bin/../lib/gcc/arm-none-eabi/10.3.1/thumb/v7e-m/nofp\libgcc.a(_aeabi_ldivmod.o)
                              CMakeFiles/DAC-HM.elf.dir/Drivers/STM32F4xx_HAL_Driver/Src/stm32f4xx_hal_rcc.c.obj (__aeabi_ldivmod)
d:/programfiles/stm32/gcc-arm-none-eabi-10.3-2021.10/bin/../lib/gcc/arm-none-eabi/10.3.1/thumb/v7e-m/nofp\libgcc.a(_aeabi_uldivmod.o)
                              CMakeFiles/DAC-HM.elf.dir/Drivers/STM32F4xx_HAL_Driver/Src/stm32f4xx_hal_rcc.c.obj (__aeabi_uldivmod)
d:/programfiles/stm32/gcc-arm-none-eabi-10.3-2021.10/bin/../lib/gcc/arm-none-eabi/10.3.1/thumb/v7e-m/nofp\libgcc.a(_udivmoddi4.o)
                              d:/programfiles/stm32/gcc-arm-none-eabi-10.3-2021.10/bin/../lib/gcc/arm-none-eabi/10.3.1/thumb/v7e-m/nofp\libgcc.a(_aeabi_ldivmod.o) (__udivmoddi4)
d:/programfiles/stm32/gcc-arm-none-eabi-10.3-2021.10/bin/../lib/gcc/arm-none-eabi/10.3.1/thumb/v7e-m/nofp\libgcc.a(_dvmd_tls.o)
                              d:/programfiles/stm32/gcc-arm-none-eabi-10.3-2021.10/bin/../lib/gcc/arm-none-eabi/10.3.1/thumb/v7e-m/nofp\libgcc.a(_aeabi_ldivmod.o) (__aeabi_ldiv0)
d:/programfiles/stm32/gcc-arm-none-eabi-10.3-2021.10/bin/../lib/gcc/arm-none-eabi/10.3.1/../../../../arm-none-eabi/lib/thumb/v7e-m/nofp\libc.a(lib_a-errno.o)
                              CMakeFiles/DAC-HM.elf.dir/Core/Src/retarget.c.obj (__errno)
d:/programfiles/stm32/gcc-arm-none-eabi-10.3-2021.10/bin/../lib/gcc/arm-none-eabi/10.3.1/../../../../arm-none-eabi/lib/thumb/v7e-m/nofp\libc.a(lib_a-exit.o)
                              d:/programfiles/stm32/gcc-arm-none-eabi-10.3-2021.10/bin/../lib/gcc/arm-none-eabi/10.3.1/../../../../arm-none-eabi/lib/thumb/v7e-m/nofp/crt0.o (exit)
d:/programfiles/stm32/gcc-arm-none-eabi-10.3-2021.10/bin/../lib/gcc/arm-none-eabi/10.3.1/../../../../arm-none-eabi/lib/thumb/v7e-m/nofp\libc.a(lib_a-impure.o)
                              d:/programfiles/stm32/gcc-arm-none-eabi-10.3-2021.10/bin/../lib/gcc/arm-none-eabi/10.3.1/../../../../arm-none-eabi/lib/thumb/v7e-m/nofp\libc.a(lib_a-exit.o) (_global_impure_ptr)
d:/programfiles/stm32/gcc-arm-none-eabi-10.3-2021.10/bin/../lib/gcc/arm-none-eabi/10.3.1/../../../../arm-none-eabi/lib/thumb/v7e-m/nofp\libc.a(lib_a-init.o)
                              d:/programfiles/stm32/gcc-arm-none-eabi-10.3-2021.10/bin/../lib/gcc/arm-none-eabi/10.3.1/../../../../arm-none-eabi/lib/thumb/v7e-m/nofp/crt0.o (__libc_init_array)
d:/programfiles/stm32/gcc-arm-none-eabi-10.3-2021.10/bin/../lib/gcc/arm-none-eabi/10.3.1/../../../../arm-none-eabi/lib/thumb/v7e-m/nofp\libc.a(lib_a-memset.o)
                              d:/programfiles/stm32/gcc-arm-none-eabi-10.3-2021.10/bin/../lib/gcc/arm-none-eabi/10.3.1/../../../../arm-none-eabi/lib/thumb/v7e-m/nofp/crt0.o (memset)
d:/programfiles/stm32/gcc-arm-none-eabi-10.3-2021.10/bin/../lib/gcc/arm-none-eabi/10.3.1/../../../../arm-none-eabi/lib/thumb/v7e-m/nofp\libc.a(lib_a-printf.o)
                              CMakeFiles/DAC-HM.elf.dir/Core/Src/main.c.obj (printf)
d:/programfiles/stm32/gcc-arm-none-eabi-10.3-2021.10/bin/../lib/gcc/arm-none-eabi/10.3.1/../../../../arm-none-eabi/lib/thumb/v7e-m/nofp\libc.a(lib_a-puts.o)
                              CMakeFiles/DAC-HM.elf.dir/Utils/usart_utilize.c.obj (puts)
d:/programfiles/stm32/gcc-arm-none-eabi-10.3-2021.10/bin/../lib/gcc/arm-none-eabi/10.3.1/../../../../arm-none-eabi/lib/thumb/v7e-m/nofp\libc.a(lib_a-setvbuf.o)
                              CMakeFiles/DAC-HM.elf.dir/Core/Src/retarget.c.obj (setvbuf)
d:/programfiles/stm32/gcc-arm-none-eabi-10.3-2021.10/bin/../lib/gcc/arm-none-eabi/10.3.1/../../../../arm-none-eabi/lib/thumb/v7e-m/nofp\libc.a(lib_a-strlen.o)
                              d:/programfiles/stm32/gcc-arm-none-eabi-10.3-2021.10/bin/../lib/gcc/arm-none-eabi/10.3.1/../../../../arm-none-eabi/lib/thumb/v7e-m/nofp\libc.a(lib_a-puts.o) (strlen)
d:/programfiles/stm32/gcc-arm-none-eabi-10.3-2021.10/bin/../lib/gcc/arm-none-eabi/10.3.1/../../../../arm-none-eabi/lib/thumb/v7e-m/nofp\libc.a(lib_a-vfprintf.o)
                              d:/programfiles/stm32/gcc-arm-none-eabi-10.3-2021.10/bin/../lib/gcc/arm-none-eabi/10.3.1/../../../../arm-none-eabi/lib/thumb/v7e-m/nofp\libc.a(lib_a-printf.o) (_vfprintf_r)
d:/programfiles/stm32/gcc-arm-none-eabi-10.3-2021.10/bin/../lib/gcc/arm-none-eabi/10.3.1/../../../../arm-none-eabi/lib/thumb/v7e-m/nofp\libc.a(lib_a-wsetup.o)
                              d:/programfiles/stm32/gcc-arm-none-eabi-10.3-2021.10/bin/../lib/gcc/arm-none-eabi/10.3.1/../../../../arm-none-eabi/lib/thumb/v7e-m/nofp\libc.a(lib_a-vfprintf.o) (__swsetup_r)
d:/programfiles/stm32/gcc-arm-none-eabi-10.3-2021.10/bin/../lib/gcc/arm-none-eabi/10.3.1/../../../../arm-none-eabi/lib/thumb/v7e-m/nofp\libc.a(lib_a-__call_atexit.o)
[...]
Memory Configuration

Name             Origin             Length             Attributes
CCMRAM           0x10000000         0x00010000         xrw
RAM              0x20000000         0x00020000         xrw
FLASH            0x08000000         0x00100000         xr
*default*        0x00000000         0xffffffff

Linker script and memory map

LOAD d:/programfiles/stm32/gcc-arm-none-eabi-10.3-2021.10/bin/../lib/gcc/arm-none-eabi/10.3.1/thumb/v7e-m/nofp/crti.o
LOAD d:/programfiles/stm32/gcc-arm-none-eabi-10.3-2021.10/bin/../lib/gcc/arm-none-eabi/10.3.1/thumb/v7e-m/nofp/crtbegin.o
LOAD d:/programfiles/stm32/gcc-arm-none-eabi-10.3-2021.10/bin/../lib/gcc/arm-none-eabi/10.3.1/../../../../arm-none-eabi/lib/thumb/v7e-m/nofp/crt0.o
LOAD CMakeFiles/DAC-HM.elf.dir/Core/Src/gpio.c.obj
LOAD CMakeFiles/DAC-HM.elf.dir/Core/Src/main.c.obj
LOAD CMakeFiles/DAC-HM.elf.dir/Core/Src/retarget.c.obj
LOAD CMakeFiles/DAC-HM.elf.dir/Core/Src/stm32f4xx_hal_msp.c.obj
LOAD CMakeFiles/DAC-HM.elf.dir/Core/Src/stm32f4xx_it.c.obj
LOAD CMakeFiles/DAC-HM.elf.dir/Core/Src/syscalls.c.obj
LOAD CMakeFiles/DAC-HM.elf.dir/Core/Src/sysmem.c.obj
LOAD CMakeFiles/DAC-HM.elf.dir/Core/Src/system_stm32f4xx.c.obj
LOAD CMakeFiles/DAC-HM.elf.dir/Core/Src/tim.c.obj
LOAD CMakeFiles/DAC-HM.elf.dir/Core/Src/usart.c.obj
LOAD CMakeFiles/DAC-HM.elf.dir/Core/Startup/startup_stm32f407zgtx.s.obj
LOAD CMakeFiles/DAC-HM.elf.dir/Drivers/STM32F4xx_HAL_Driver/Src/stm32f4xx_hal.c.obj
LOAD CMakeFiles/DAC-HM.elf.dir/Drivers/STM32F4xx_HAL_Driver/Src/stm32f4xx_hal_cortex.c.obj
LOAD CMakeFiles/DAC-HM.elf.dir/Drivers/STM32F4xx_HAL_Driver/Src/stm32f4xx_hal_dma.c.obj
LOAD CMakeFiles/DAC-HM.elf.dir/Drivers/STM32F4xx_HAL_Driver/Src/stm32f4xx_hal_dma_ex.c.obj
LOAD CMakeFiles/DAC-HM.elf.dir/Drivers/STM32F4xx_HAL_Driver/Src/stm32f4xx_hal_exti.c.obj
LOAD CMakeFiles/DAC-HM.elf.dir/Drivers/STM32F4xx_HAL_Driver/Src/stm32f4xx_hal_flash.c.obj
LOAD CMakeFiles/DAC-HM.elf.dir/Drivers/STM32F4xx_HAL_Driver/Src/stm32f4xx_hal_flash_ex.c.obj
LOAD CMakeFiles/DAC-HM.elf.dir/Drivers/STM32F4xx_HAL_Driver/Src/stm32f4xx_hal_flash_ramfunc.c.obj
LOAD CMakeFiles/DAC-HM.elf.dir/Drivers/STM32F4xx_HAL_Driver/Src/stm32f4xx_hal_gpio.c.obj
LOAD CMakeFiles/DAC-HM.elf.dir/Drivers/STM32F4xx_HAL_Driver/Src/stm32f4xx_hal_pwr.c.obj
LOAD CMakeFiles/DAC-HM.elf.dir/Drivers/STM32F4xx_HAL_Driver/Src/stm32f4xx_hal_pwr_ex.c.obj
LOAD CMakeFiles/DAC-HM.elf.dir/Drivers/STM32F4xx_HAL_Driver/Src/stm32f4xx_hal_rcc.c.obj
LOAD CMakeFiles/DAC-HM.elf.dir/Drivers/STM32F4xx_HAL_Driver/Src/stm32f4xx_hal_rcc_ex.c.obj
LOAD CMakeFiles/DAC-HM.elf.dir/Drivers/STM32F4xx_HAL_Driver/Src/stm32f4xx_hal_tim.c.obj
LOAD CMakeFiles/DAC-HM.elf.dir/Drivers/STM32F4xx_HAL_Driver/Src/stm32f4xx_hal_tim_ex.c.obj
LOAD CMakeFiles/DAC-HM.elf.dir/Drivers/STM32F4xx_HAL_Driver/Src/stm32f4xx_hal_uart.c.obj
LOAD CMakeFiles/DAC-HM.elf.dir/Hardware/DAC8563.c.obj
LOAD CMakeFiles/DAC-HM.elf.dir/Hardware/LED.c.obj
LOAD CMakeFiles/DAC-HM.elf.dir/Hardware/key.c.obj
LOAD CMakeFiles/DAC-HM.elf.dir/Hardware/tim_handle.c.obj
LOAD CMakeFiles/DAC-HM.elf.dir/Hardware/usart_handle.c.obj
LOAD CMakeFiles/DAC-HM.elf.dir/Utils/Tmux6119.c.obj
LOAD CMakeFiles/DAC-HM.elf.dir/Utils/dac_waveform.c.obj
LOAD CMakeFiles/DAC-HM.elf.dir/Utils/usart_utilize.c.obj
START GROUP
LOAD d:/programfiles/stm32/gcc-arm-none-eabi-10.3-2021.10/bin/../lib/gcc/arm-none-eabi/10.3.1/thumb/v7e-m/nofp\libgcc.a
LOAD d:/programfiles/stm32/gcc-arm-none-eabi-10.3-2021.10/bin/../lib/gcc/arm-none-eabi/10.3.1/../../../../arm-none-eabi/lib/thumb/v7e-m/nofp\libc.a
END GROUP
LOAD d:/programfiles/stm32/gcc-arm-none-eabi-10.3-2021.10/bin/../lib/gcc/arm-none-eabi/10.3.1/thumb/v7e-m/nofp/crtend.o
LOAD d:/programfiles/stm32/gcc-arm-none-eabi-10.3-2021.10/bin/../lib/gcc/arm-none-eabi/10.3.1/thumb/v7e-m/nofp/crtn.o
                0x20020000                _estack = (ORIGIN (RAM) + LENGTH (RAM))
                0x00000200                _Min_Heap_Size = 0x200
                0x00000400                _Min_Stack_Size = 0x400

.isr_vector     0x08000000      0x188
                0x08000000                . = ALIGN (0x4)
 *(.isr_vector)
 .isr_vector    0x08000000      0x188 CMakeFiles/DAC-HM.elf.dir/Core/Startup/startup_stm32f407zgtx.s.obj
                0x08000000                g_pfnVectors
                0x08000188                . = ALIGN (0x4)

.text           0x080001c0     0x9348
                0x080001c0                . = ALIGN (0x4)
 *(.text)
 .text          0x080001c0       0x40 d:/programfiles/stm32/gcc-arm-none-eabi-10.3-2021.10/bin/../lib/gcc/arm-none-eabi/10.3.1/thumb/v7e-m/nofp/crtbegin.o
 .text          0x08000200       0x30 d:/programfiles/stm32/gcc-arm-none-eabi-10.3-2021.10/bin/../lib/gcc/arm-none-eabi/10.3.1/thumb/v7e-m/nofp\libgcc.a(_aeabi_uldivmod.o)
                0x08000200                __aeabi_uldivmod
 .text          0x08000230      0x2d0 d:/programfiles/stm32/gcc-arm-none-eabi-10.3-2021.10/bin/../lib/gcc/arm-none-eabi/10.3.1/thumb/v7e-m/nofp\libgcc.a(_udivmoddi4.o)
                0x08000230                __udivmoddi4
 .text          0x08000500        0x4 d:/programfiles/stm32/gcc-arm-none-eabi-10.3-2021.10/bin/../lib/gcc/arm-none-eabi/10.3.1/thumb/v7e-m/nofp\libgcc.a(_dvmd_tls.o)
                0x08000500                __aeabi_idiv0
                0x08000500                __aeabi_ldiv0
 *fill*         0x08000504       0x3c 
 .text          0x08000540       0xdc d:/programfiles/stm32/gcc-arm-none-eabi-10.3-2021.10/bin/../lib/gcc/arm-none-eabi/10.3.1/../../../../arm-none-eabi/lib/thumb/v7e-m/nofp\libc.a(lib_a-strlen.o)
                0x08000540                strlen
 *fill*         0x0800061c        0x4 
 .text          0x08000620       0xa0 d:/programfiles/stm32/gcc-arm-none-eabi-10.3-2021.10/bin/../lib/gcc/arm-none-eabi/10.3.1/../../../../arm-none-eabi/lib/thumb/v7e-m/nofp\libc.a(lib_a-memchr.o)
                0x08000620                memchr
 .text          0x080006c0      0x134 d:/programfiles/stm32/gcc-arm-none-eabi-10.3-2021.10/bin/../lib/gcc/arm-none-eabi/10.3.1/../../../../arm-none-eabi/lib/thumb/v7e-m/nofp\libc.a(lib_a-memcpy.o)
                0x080006c0                memcpy
 .text          0x080007f4      0x378 d:/programfiles/stm32/gcc-arm-none-eabi-10.3-2021.10/bin/../lib/gcc/arm-none-eabi/10.3.1/thumb/v7e-m/nofp\libgcc.a(_arm_addsubdf3.o)
                0x080007f4                __aeabi_drsub
                0x080007fc                __aeabi_dsub
                0x080007fc                __subdf3
                0x08000800                __aeabi_dadd
                0x08000800                __adddf3
                0x08000a78                __floatunsidf
                0x08000a78                __aeabi_ui2d
                0x08000a98                __floatsidf
                0x08000a98                __aeabi_i2d
                0x08000abc                __aeabi_f2d
                0x08000abc                __extendsfdf2
                0x08000b00                __floatundidf
                0x08000b00                __aeabi_ul2d
                0x08000b10                __floatdidf
                0x08000b10                __aeabi_l2d
 .text          0x08000b6c      0x424 d:/programfiles/stm32/gcc-arm-none-eabi-10.3-2021.10/bin/../lib/gcc/arm-none-eabi/10.3.1/thumb/v7e-m/nofp\libgcc.a(_arm_muldivdf3.o)
                0x08000b6c                __aeabi_dmul
                0x08000b6c                __muldf3
                0x08000dc0                __divdf3
                0x08000dc0                __aeabi_ddiv
 .text          0x08000f90      0x110 d:/programfiles/stm32/gcc-arm-none-eabi-10.3-2021.10/bin/../lib/gcc/arm-none-eabi/10.3.1/thumb/v7e-m/nofp\libgcc.a(_arm_cmpdf2.o)
                0x08000f90                __gtdf2
                0x08000f90                __gedf2
                0x08000f98                __ltdf2
                0x08000f98                __ledf2
                0x08000fa0                __nedf2
                0x08000fa0                __eqdf2
                0x08000fa0                __cmpdf2
                0x0800101c                __aeabi_cdrcmple
                0x0800102c                __aeabi_cdcmpeq
                0x0800102c                __aeabi_cdcmple
                0x0800103c                __aeabi_dcmpeq
                0x08001050                __aeabi_dcmplt
                0x08001064                __aeabi_dcmple
                0x08001078                __aeabi_dcmpge
                0x0800108c                __aeabi_dcmpgt
 .text          0x080010a0       0x2c d:/programfiles/stm32/gcc-arm-none-eabi-10.3-2021.10/bin/../lib/gcc/arm-none-eabi/10.3.1/thumb/v7e-m/nofp\libgcc.a(_arm_unorddf2.o)
                0x080010a0                __unorddf2
                0x080010a0                __aeabi_dcmpun
 .text          0x080010cc       0x50 d:/programfiles/stm32/gcc-arm-none-eabi-10.3-2021.10/bin/../lib/gcc/arm-none-eabi/10.3.1/thumb/v7e-m/nofp\libgcc.a(_arm_fixdfsi.o)
                0x080010cc                __aeabi_d2iz
                0x080010cc                __fixdfsi
 *(.text*)
 .text.MX_GPIO_Init
                0x0800111c      0x134 CMakeFiles/DAC-HM.elf.dir/Core/Src/gpio.c.obj
                0x0800111c                MX_GPIO_Init
 .text.SystemClock_Config
                0x08001250       0xa8 CMakeFiles/DAC-HM.elf.dir/Core/Src/main.c.obj
                0x08001250                SystemClock_Config
 .text.startup.main
                0x080012f8       0x64 CMakeFiles/DAC-HM.elf.dir/Core/Src/main.c.obj
                0x080012f8                main
 .text.Error_Handler
                0x0800135c        0x4 CMakeFiles/DAC-HM.elf.dir/Core/Src/main.c.obj
                0x0800135c                Error_Handler
 .text.RetargetInit
                0x08001360       0x24 CMakeFiles/DAC-HM.elf.dir/Core/Src/retarget.c.obj
                0x08001360                RetargetInit
 .text._isatty  0x08001384       0x18 CMakeFiles/DAC-HM.elf.dir/Core/Src/retarget.c.obj
                0x08001384                _isatty
 .text._write   0x0800139c       0x34 CMakeFiles/DAC-HM.elf.dir/Core/Src/retarget.c.obj
                0x0800139c                _write
 .text._close   0x080013d0       0x18 CMakeFiles/DAC-HM.elf.dir/Core/Src/retarget.c.obj
                0x080013d0                _close
 .text._lseek   0x080013e8       0x10 CMakeFiles/DAC-HM.elf.dir/Core/Src/retarget.c.obj
                0x080013e8                _lseek
 .text._read    0x080013f8       0x30 CMakeFiles/DAC-HM.elf.dir/Core/Src/retarget.c.obj
                0x080013f8                _read
 .text._fstat   0x08001428       0x1c CMakeFiles/DAC-HM.elf.dir/Core/Src/retarget.c.obj
                0x08001428                _fstat
 .text.HAL_MspInit
                0x08001444       0x38 CMakeFiles/DAC-HM.elf.dir/Core/Src/stm32f4xx_hal_msp.c.obj
                0x08001444                HAL_MspInit
 .text.NMI_Handler
                0x0800147c        0x4 CMakeFiles/DAC-HM.elf.dir/Core/Src/stm32f4xx_it.c.obj
                0x0800147c                NMI_Handler
 .text.HardFault_Handler
                0x08001480        0x4 CMakeFiles/DAC-HM.elf.dir/Core/Src/stm32f4xx_it.c.obj
                0x08001480                HardFault_Handler
 .text.MemManage_Handler
                0x08001484        0x4 CMakeFiles/DAC-HM.elf.dir/Core/Src/stm32f4xx_it.c.obj
                0x08001484                MemManage_Handler
 .text.BusFault_Handler
                0x08001488        0x4 CMakeFiles/DAC-HM.elf.dir/Core/Src/stm32f4xx_it.c.obj
                0x08001488                BusFault_Handler
 .text.UsageFault_Handler
                0x0800148c        0x4 CMakeFiles/DAC-HM.elf.dir/Core/Src/stm32f4xx_it.c.obj
                0x0800148c                UsageFault_Handler
 .text.SVC_Handler
                0x08001490        0x4 CMakeFiles/DAC-HM.elf.dir/Core/Src/stm32f4xx_it.c.obj
                0x08001490                SVC_Handler
 .text.DebugMon_Handler
                0x08001494        0x4 CMakeFiles/DAC-HM.elf.dir/Core/Src/stm32f4xx_it.c.obj
                0x08001494                DebugMon_Handler
 .text.PendSV_Handler
                0x08001498        0x4 CMakeFiles/DAC-HM.elf.dir/Core/Src/stm32f4xx_it.c.obj
                0x08001498                PendSV_Handler
 .text.SysTick_Handler
                0x0800149c        0x4 CMakeFiles/DAC-HM.elf.dir/Core/Src/stm32f4xx_it.c.obj
                0x0800149c                SysTick_Handler
 .text.TIM2_IRQHandler
                0x080014a0        0xc CMakeFiles/DAC-HM.elf.dir/Core/Src/stm32f4xx_it.c.obj
                0x080014a0                TIM2_IRQHandler
 .text.TIM3_IRQHandler
                0x080014ac        0xc CMakeFiles/DAC-HM.elf.dir/Core/Src/stm32f4xx_it.c.obj
                0x080014ac                TIM3_IRQHandler
 .text.USART1_IRQHandler
                0x080014b8        0xc CMakeFiles/DAC-HM.elf.dir/Core/Src/stm32f4xx_it.c.obj
                0x080014b8                USART1_IRQHandler
 .text._getpid  0x080014c4        0x4 CMakeFiles/DAC-HM.elf.dir/Core/Src/syscalls.c.obj
                0x080014c4                _getpid
 .text._kill    0x080014c8       0x10 CMakeFiles/DAC-HM.elf.dir/Core/Src/syscalls.c.obj
                0x080014c8                _kill
 .text._exit    0x080014d8        0xc CMakeFiles/DAC-HM.elf.dir/Core/Src/syscalls.c.obj
                0x080014d8                _exit
 .text._sbrk    0x080014e4       0x44 CMakeFiles/DAC-HM.elf.dir/Core/Src/sysmem.c.obj
                0x080014e4                _sbrk
 .text.SystemInit
                0x08001528        0x4 CMakeFiles/DAC-HM.elf.dir/Core/Src/system_stm32f4xx.c.obj
                0x08001528                SystemInit
 .text.MX_TIM2_Init
                0x0800152c       0x70 CMakeFiles/DAC-HM.elf.dir/Core/Src/tim.c.obj
                0x0800152c                MX_TIM2_Init
 .text.MX_TIM3_Init
                0x0800159c       0x74 CMakeFiles/DAC-HM.elf.dir/Core/Src/tim.c.obj
                0x0800159c                MX_TIM3_Init
 .text.HAL_TIM_Base_MspInit
                0x08001610       0x7c CMakeFiles/DAC-HM.elf.dir/Core/Src/tim.c.obj
                0x08001610                HAL_TIM_Base_MspInit
 .text.MX_USART1_UART_Init
                0x0800168c       0x38 CMakeFiles/DAC-HM.elf.dir/Core/Src/usart.c.obj
                0x0800168c                MX_USART1_UART_Init
 .text.HAL_UART_MspInit
                0x080016c4       0x80 CMakeFiles/DAC-HM.elf.dir/Core/Src/usart.c.obj
                0x080016c4                HAL_UART_MspInit
 .text.Reset_Handler
                0x08001744       0x50 CMakeFiles/DAC-HM.elf.dir/Core/Startup/startup_stm32f407zgtx.s.obj
                0x08001744                Reset_Handler
 .text.Default_Handler
                0x08001794        0x2 CMakeFiles/DAC-HM.elf.dir/Core/Startup/startup_stm32f407zgtx.s.obj
                0x08001794                RTC_Alarm_IRQHandler
                0x08001794                HASH_RNG_IRQHandler
                0x08001794                EXTI2_IRQHandler
                0x08001794                TIM8_CC_IRQHandler
                0x08001794                TIM1_CC_IRQHandler
                0x08001794                DMA2_Stream5_IRQHandler
                0x08001794                DMA1_Stream5_IRQHandler
                0x08001794                PVD_IRQHandler
                0x08001794                SDIO_IRQHandler
                0x08001794                TAMP_STAMP_IRQHandler
                0x08001794                CAN2_RX1_IRQHandler
                0x08001794                EXTI3_IRQHandler
                0x08001794                TIM8_TRG_COM_TIM14_IRQHandler
                0x08001794                TIM1_UP_TIM10_IRQHandler
                0x08001794                TIM8_UP_TIM13_IRQHandler
                0x08001794                I2C3_ER_IRQHandler
                0x08001794                EXTI0_IRQHandler
                0x08001794                I2C2_EV_IRQHandler
                0x08001794                DMA1_Stream2_IRQHandler
                0x08001794                CAN1_RX0_IRQHandler
                0x08001794                FPU_IRQHandler
                0x08001794                OTG_HS_WKUP_IRQHandler
                0x08001794                CAN2_SCE_IRQHandler
                0x08001794                DMA2_Stream2_IRQHandler
                0x08001794                SPI1_IRQHandler
                0x08001794                TIM6_DAC_IRQHandler
                0x08001794                TIM1_BRK_TIM9_IRQHandler
                0x08001794                DCMI_IRQHandler
                0x08001794                CAN2_RX0_IRQHandler
                0x08001794                DMA2_Stream3_IRQHandler
                0x08001794                USART6_IRQHandler
                0x08001794                USART3_IRQHandler
                0x08001794                CAN1_RX1_IRQHandler
                0x08001794                UART5_IRQHandler
                0x08001794                DMA2_Stream0_IRQHandler
                0x08001794                TIM4_IRQHandler
                0x08001794                I2C1_EV_IRQHandler
                0x08001794                DMA1_Stream6_IRQHandler
                0x08001794                DMA1_Stream1_IRQHandler
                0x08001794                UART4_IRQHandler
                0x08001794                RCC_IRQHandler
                0x08001794                TIM8_BRK_TIM12_IRQHandler
                0x08001794                Default_Handler
                0x08001794                EXTI15_10_IRQHandler
                0x08001794                ADC_IRQHandler
                0x08001794                DMA1_Stream7_IRQHandler
                0x08001794                TIM7_IRQHandler
                0x08001794                CAN2_TX_IRQHandler
                0x08001794                TIM5_IRQHandler
                0x08001794                DMA2_Stream7_IRQHandler
                0x08001794                I2C3_EV_IRQHandler
                0x08001794                EXTI9_5_IRQHandler
                0x08001794                RTC_WKUP_IRQHandler
                0x08001794                ETH_WKUP_IRQHandler
                0x08001794                SPI2_IRQHandler
                0x08001794                OTG_HS_EP1_IN_IRQHandler
                0x08001794                DMA1_Stream0_IRQHandler
                0x08001794                CAN1_TX_IRQHandler
                0x08001794                EXTI4_IRQHandler
                0x08001794                FSMC_IRQHandler
                0x08001794                ETH_IRQHandler
                0x08001794                OTG_HS_EP1_OUT_IRQHandler
                0x08001794                WWDG_IRQHandler
                0x08001794                OTG_FS_WKUP_IRQHandler
                0x08001794                TIM1_TRG_COM_TIM11_IRQHandler
                0x08001794                OTG_HS_IRQHandler
                0x08001794                EXTI1_IRQHandler
                0x08001794                USART2_IRQHandler
                0x08001794                I2C2_ER_IRQHandler
                0x08001794                DMA2_Stream1_IRQHandler
                0x08001794                CAN1_SCE_IRQHandler
                0x08001794                FLASH_IRQHandler
                0x08001794                DMA2_Stream4_IRQHandler
                0x08001794                OTG_FS_IRQHandler
                0x08001794                SPI3_IRQHandler
                0x08001794                DMA1_Stream4_IRQHandler
                0x08001794                I2C1_ER_IRQHandler
                0x08001794                DMA2_Stream6_IRQHandler
                0x08001794                DMA1_Stream3_IRQHandler
 *fill*         0x08001796        0x2 
 .text.HAL_InitTick
                0x08001798       0x48 CMakeFiles/DAC-HM.elf.dir/Drivers/STM32F4xx_HAL_Driver/Src/stm32f4xx_hal.c.obj
                0x08001798                HAL_InitTick
 .text.HAL_Init
                0x080017e0       0x34 CMakeFiles/DAC-HM.elf.dir/Drivers/STM32F4xx_HAL_Driver/Src/stm32f4xx_hal.c.obj
                0x080017e0                HAL_Init
 .text.HAL_IncTick
                0x08001814       0x18 CMakeFiles/DAC-HM.elf.dir/Drivers/STM32F4xx_HAL_Driver/Src/stm32f4xx_hal.c.obj
                0x08001814                HAL_IncTick
 .text.HAL_GetTick
                0x0800182c        0xc CMakeFiles/DAC-HM.elf.dir/Drivers/STM32F4xx_HAL_Driver/Src/stm32f4xx_hal.c.obj
                0x0800182c                HAL_GetTick
 .text.HAL_Delay
                0x08001838       0x24 CMakeFiles/DAC-HM.elf.dir/Drivers/STM32F4xx_HAL_Driver/Src/stm32f4xx_hal.c.obj
                0x08001838                HAL_Delay
 .text.HAL_NVIC_SetPriorityGrouping
                0x0800185c       0x24 CMakeFiles/DAC-HM.elf.dir/Drivers/STM32F4xx_HAL_Driver/Src/stm32f4xx_hal_cortex.c.obj
                0x0800185c                HAL_NVIC_SetPriorityGrouping
 .text.HAL_NVIC_SetPriority
                0x08001880       0x7c CMakeFiles/DAC-HM.elf.dir/Drivers/STM32F4xx_HAL_Driver/Src/stm32f4xx_hal_cortex.c.obj
                0x08001880                HAL_NVIC_SetPriority
 .text.HAL_NVIC_EnableIRQ
                0x080018fc       0x1c CMakeFiles/DAC-HM.elf.dir/Drivers/STM32F4xx_HAL_Driver/Src/stm32f4xx_hal_cortex.c.obj
                0x080018fc                HAL_NVIC_EnableIRQ
 .text.HAL_SYSTICK_Config
                0x08001918       0x30 CMakeFiles/DAC-HM.elf.dir/Drivers/STM32F4xx_HAL_Driver/Src/stm32f4xx_hal_cortex.c.obj
                0x08001918                HAL_SYSTICK_Config
 .text.HAL_DMA_Abort
                0x08001948       0x90 CMakeFiles/DAC-HM.elf.dir/Drivers/STM32F4xx_HAL_Driver/Src/stm32f4xx_hal_dma.c.obj
                0x08001948                HAL_DMA_Abort
 .text.HAL_DMA_Abort_IT
                0x080019d8       0x24 CMakeFiles/DAC-HM.elf.dir/Drivers/STM32F4xx_HAL_Driver/Src/stm32f4xx_hal_dma.c.obj
                0x080019d8                HAL_DMA_Abort_IT
 .text.HAL_GPIO_Init
                0x080019fc      0x23c CMakeFiles/DAC-HM.elf.dir/Drivers/STM32F4xx_HAL_Driver/Src/stm32f4xx_hal_gpio.c.obj
                0x080019fc                HAL_GPIO_Init
 .text.HAL_GPIO_WritePin
                0x08001c38        0x8 CMakeFiles/DAC-HM.elf.dir/Drivers/STM32F4xx_HAL_Driver/Src/stm32f4xx_hal_gpio.c.obj
                0x08001c38                HAL_GPIO_WritePin
 .text.HAL_RCC_OscConfig
                0x08001c40      0x3c8 CMakeFiles/DAC-HM.elf.dir/Drivers/STM32F4xx_HAL_Driver/Src/stm32f4xx_hal_rcc.c.obj
                0x08001c40                HAL_RCC_OscConfig
 .text.HAL_RCC_GetSysClockFreq
                0x08002008       0x68 CMakeFiles/DAC-HM.elf.dir/Drivers/STM32F4xx_HAL_Driver/Src/stm32f4xx_hal_rcc.c.obj
                0x08002008                HAL_RCC_GetSysClockFreq
 .text.HAL_RCC_ClockConfig
                0x08002070      0x13c CMakeFiles/DAC-HM.elf.dir/Drivers/STM32F4xx_HAL_Driver/Src/stm32f4xx_hal_rcc.c.obj
                0x08002070                HAL_RCC_ClockConfig
 .text.HAL_RCC_GetPCLK1Freq
                0x080021ac       0x20 CMakeFiles/DAC-HM.elf.dir/Drivers/STM32F4xx_HAL_Driver/Src/stm32f4xx_hal_rcc.c.obj
                0x080021ac                HAL_RCC_GetPCLK1Freq
 .text.HAL_RCC_GetPCLK2Freq
                0x080021cc       0x20 CMakeFiles/DAC-HM.elf.dir/Drivers/STM32F4xx_HAL_Driver/Src/stm32f4xx_hal_rcc.c.obj
                0x080021cc                HAL_RCC_GetPCLK2Freq
 .text.HAL_TIM_Base_Init
                0x080021ec      0x130 CMakeFiles/DAC-HM.elf.dir/Drivers/STM32F4xx_HAL_Driver/Src/stm32f4xx_hal_tim.c.obj
                0x080021ec                HAL_TIM_Base_Init
 .text.HAL_TIM_Base_Start_IT
                0x0800231c       0x78 CMakeFiles/DAC-HM.elf.dir/Drivers/STM32F4xx_HAL_Driver/Src/stm32f4xx_hal_tim.c.obj
                0x0800231c                HAL_TIM_Base_Start_IT
 .text.HAL_TIM_ConfigClockSource
                0x08002394      0x160 CMakeFiles/DAC-HM.elf.dir/Drivers/STM32F4xx_HAL_Driver/Src/stm32f4xx_hal_tim.c.obj
                0x08002394                HAL_TIM_ConfigClockSource
 .text.HAL_TIM_OC_DelayElapsedCallback
                0x080024f4        0x4 CMakeFiles/DAC-HM.elf.dir/Drivers/STM32F4xx_HAL_Driver/Src/stm32f4xx_hal_tim.c.obj
                0x080024f4                HAL_TIM_OC_DelayElapsedCallback
 .text.HAL_TIM_IC_CaptureCallback
                0x080024f8        0x4 CMakeFiles/DAC-HM.elf.dir/Drivers/STM32F4xx_HAL_Driver/Src/stm32f4xx_hal_tim.c.obj
                0x080024f8                HAL_TIM_IC_CaptureCallback
 .text.HAL_TIM_PWM_PulseFinishedCallback
                0x080024fc        0x4 CMakeFiles/DAC-HM.elf.dir/Drivers/STM32F4xx_HAL_Driver/Src/stm32f4xx_hal_tim.c.obj
                0x080024fc                HAL_TIM_PWM_PulseFinishedCallback
 .text.HAL_TIM_TriggerCallback
                0x08002500        0x4 CMakeFiles/DAC-HM.elf.dir/Drivers/STM32F4xx_HAL_Driver/Src/stm32f4xx_hal_tim.c.obj
                0x08002500                HAL_TIM_TriggerCallback
 .text.HAL_TIM_IRQHandler
                0x08002504      0x138 CMakeFiles/DAC-HM.elf.dir/Drivers/STM32F4xx_HAL_Driver/Src/stm32f4xx_hal_tim.c.obj
                0x08002504                HAL_TIM_IRQHandler
 .text.HAL_TIMEx_MasterConfigSynchronization
                0x0800263c       0x80 CMakeFiles/DAC-HM.elf.dir/Drivers/STM32F4xx_HAL_Driver/Src/stm32f4xx_hal_tim_ex.c.obj
                0x0800263c                HAL_TIMEx_MasterConfigSynchronization
 .text.HAL_TIMEx_CommutCallback
                0x080026bc        0x4 CMakeFiles/DAC-HM.elf.dir/Drivers/STM32F4xx_HAL_Driver/Src/stm32f4xx_hal_tim_ex.c.obj
                0x080026bc                HAL_TIMEx_CommutCallback
 .text.HAL_TIMEx_BreakCallback
                0x080026c0        0x4 CMakeFiles/DAC-HM.elf.dir/Drivers/STM32F4xx_HAL_Driver/Src/stm32f4xx_hal_tim_ex.c.obj
                0x080026c0                HAL_TIMEx_BreakCallback
 .text.HAL_UART_Init
                0x080026c4      0x13c CMakeFiles/DAC-HM.elf.dir/Drivers/STM32F4xx_HAL_Driver/Src/stm32f4xx_hal_uart.c.obj
                0x080026c4                HAL_UART_Init
 .text.HAL_UART_Transmit
                0x08002800       0xe0 CMakeFiles/DAC-HM.elf.dir/Drivers/STM32F4xx_HAL_Driver/Src/stm32f4xx_hal_uart.c.obj
                0x08002800                HAL_UART_Transmit
 .text.HAL_UART_Receive
                0x080028e0      0x180 CMakeFiles/DAC-HM.elf.dir/Drivers/STM32F4xx_HAL_Driver/Src/stm32f4xx_hal_uart.c.obj
                0x080028e0                HAL_UART_Receive
 .text.HAL_UART_Receive_IT
                0x08002a60       0x4c CMakeFiles/DAC-HM.elf.dir/Drivers/STM32F4xx_HAL_Driver/Src/stm32f4xx_hal_uart.c.obj
                0x08002a60                HAL_UART_Receive_IT
 .text.HAL_UART_TxCpltCallback
                0x08002aac        0x4 CMakeFiles/DAC-HM.elf.dir/Drivers/STM32F4xx_HAL_Driver/Src/stm32f4xx_hal_uart.c.obj
                0x08002aac                HAL_UART_TxCpltCallback
 .text.HAL_UART_ErrorCallback
                0x08002ab0        0x4 CMakeFiles/DAC-HM.elf.dir/Drivers/STM32F4xx_HAL_Driver/Src/stm32f4xx_hal_uart.c.obj
                0x08002ab0                HAL_UART_ErrorCallback
 .text.UART_DMAAbortOnError
                0x08002ab4       0x10 CMakeFiles/DAC-HM.elf.dir/Drivers/STM32F4xx_HAL_Driver/Src/stm32f4xx_hal_uart.c.obj
 .text.HAL_UARTEx_RxEventCallback
                0x08002ac4        0x4 CMakeFiles/DAC-HM.elf.dir/Drivers/STM32F4xx_HAL_Driver/Src/stm32f4xx_hal_uart.c.obj
                0x08002ac4                HAL_UARTEx_RxEventCallback
 .text.UART_Receive_IT.part.0.isra.0
                0x08002ac8       0xd0 CMakeFiles/DAC-HM.elf.dir/Drivers/STM32F4xx_HAL_Driver/Src/stm32f4xx_hal_uart.c.obj
 .text.HAL_UART_IRQHandler
                0x08002b98      0x31c CMakeFiles/DAC-HM.elf.dir/Drivers/STM32F4xx_HAL_Driver/Src/stm32f4xx_hal_uart.c.obj
                0x08002b98                HAL_UART_IRQHandler
 .text.DAC8563_WRITE
                0x08002eb4       0xa8 CMakeFiles/DAC-HM.elf.dir/Hardware/DAC8563.c.obj
                0x08002eb4                DAC8563_WRITE
 .text.DAC8563_Init
                0x08002f5c       0x48 CMakeFiles/DAC-HM.elf.dir/Hardware/DAC8563.c.obj
                0x08002f5c                DAC8563_Init
 .text.DAC_OutA
                0x08002fa4       0x2c CMakeFiles/DAC-HM.elf.dir/Hardware/DAC8563.c.obj
                0x08002fa4                DAC_OutA
 .text.WriteData_OUTA
                0x08002fd0       0x44 CMakeFiles/DAC-HM.elf.dir/Hardware/DAC8563.c.obj
                0x08002fd0                WriteData_OUTA
 .text.LED1     0x08003014       0x10 CMakeFiles/DAC-HM.elf.dir/Hardware/LED.c.obj
                0x08003014                LED1
 .text.HAL_TIM_PeriodElapsedCallback
                0x08003024       0x10 CMakeFiles/DAC-HM.elf.dir/Hardware/tim_handle.c.obj
                0x08003024                HAL_TIM_PeriodElapsedCallback
 .text.TIM2_update
                0x08003034       0x20 CMakeFiles/DAC-HM.elf.dir/Hardware/tim_handle.c.obj
                0x08003034                TIM2_update
 .text.HAL_UART_RxCpltCallback
                0x08003054       0x7c CMakeFiles/DAC-HM.elf.dir/Hardware/usart_handle.c.obj
                0x08003054                HAL_UART_RxCpltCallback
 .text.Tmax_state
                0x080030d0       0x38 CMakeFiles/DAC-HM.elf.dir/Utils/Tmux6119.c.obj
                0x080030d0                Tmax_state
 .text.DAC_OUT  0x08003108       0x8c CMakeFiles/DAC-HM.elf.dir/Utils/dac_waveform.c.obj
                0x08003108                DAC_OUT
 .text.pulse_mod
                0x08003194      0x108 CMakeFiles/DAC-HM.elf.dir/Utils/dac_waveform.c.obj
                0x08003194                pulse_mod
 .text.uart1_handle
                0x0800329c       0xa4 CMakeFiles/DAC-HM.elf.dir/Utils/usart_utilize.c.obj
                0x0800329c                uart1_handle
 .text.__errno  0x08003340        0xc d:/programfiles/stm32/gcc-arm-none-eabi-10.3-2021.10/bin/../lib/gcc/arm-none-eabi/10.3.1/../../../../arm-none-eabi/lib/thumb/v7e-m/nofp\libc.a(lib_a-errno.o)
                0x08003340                __errno
 .text.__libc_init_array
                0x0800334c       0x48 d:/programfiles/stm32/gcc-arm-none-eabi-10.3-2021.10/bin/../lib/gcc/arm-none-eabi/10.3.1/../../../../arm-none-eabi/lib/thumb/v7e-m/nofp\libc.a(lib_a-init.o)
                0x0800334c                __libc_init_array
 .text.memset   0x08003394       0xa4 d:/programfiles/stm32/gcc-arm-none-eabi-10.3-2021.10/bin/../lib/gcc/arm-none-eabi/10.3.1/../../../../arm-none-eabi/lib/thumb/v7e-m/nofp\libc.a(lib_a-memset.o)
                0x08003394                memset
 .text.printf   0x08003438       0x28 d:/programfiles/stm32/gcc-arm-none-eabi-10.3-2021.10/bin/../lib/gcc/arm-none-eabi/10.3.1/../../../../arm-none-eabi/lib/thumb/v7e-m/nofp\libc.a(lib_a-printf.o)
                0x08003438                printf
 .text._puts_r  0x08003460       0x9c d:/programfiles/stm32/gcc-arm-none-eabi-10.3-2021.10/bin/../lib/gcc/arm-none-eabi/10.3.1/../../../../arm-none-eabi/lib/thumb/v7e-m/nofp\libc.a(lib_a-puts.o)
                0x08003460                _puts_r
 .text.puts     0x080034fc       0x10 d:/programfiles/stm32/gcc-arm-none-eabi-10.3-2021.10/bin/../lib/gcc/arm-none-eabi/10.3.1/../../../../arm-none-eabi/lib/thumb/v7e-m/nofp\libc.a(lib_a-puts.o)
                0x080034fc                puts
 .text.setvbuf  0x0800350c      0x1b0 d:/programfiles/stm32/gcc-arm-none-eabi-10.3-2021.10/bin/../lib/gcc/arm-none-eabi/10.3.1/../../../../arm-none-eabi/lib/thumb/v7e-m/nofp\libc.a(lib_a-setvbuf.o)
                0x0800350c                setvbuf
 .text._vfprintf_r
                0x080036bc     0x1ad4 d:/programfiles/stm32/gcc-arm-none-eabi-10.3-2021.10/bin/../lib/gcc/arm-none-eabi/10.3.1/../../../../arm-none-eabi/lib/thumb/v7e-m/nofp\libc.a(lib_a-vfprintf.o)
                0x080036bc                _vfprintf_r
 .text.__sbprintf
                0x08005190       0x80 d:/programfiles/stm32/gcc-arm-none-eabi-10.3-2021.10/bin/../lib/gcc/arm-none-eabi/10.3.1/../../../../arm-none-eabi/lib/thumb/v7e-m/nofp\libc.a(lib_a-vfprintf.o)
 .text.__swsetup_r
                0x08005210       0xd4 d:/programfiles/stm32/gcc-arm-none-eabi-10.3-2021.10/bin/../lib/gcc/arm-none-eabi/10.3.1/../../../../arm-none-eabi/lib/thumb/v7e-m/nofp\libc.a(lib_a-wsetup.o)
                0x08005210                __swsetup_r
 .text.startup.register_fini
                0x080052e4       0x14 d:/programfiles/stm32/gcc-arm-none-eabi-10.3-2021.10/bin/../lib/gcc/arm-none-eabi/10.3.1/../../../../arm-none-eabi/lib/thumb/v7e-m/nofp\libc.a(lib_a-__call_atexit.o)
 .text.atexit   0x080052f8        0xc d:/programfiles/stm32/gcc-arm-none-eabi-10.3-2021.10/bin/../lib/gcc/arm-none-eabi/10.3.1/../../../../arm-none-eabi/lib/thumb/v7e-m/nofp\libc.a(lib_a-atexit.o)
                0x080052f8                atexit
 .text.quorem   0x08005304      0x124 d:/programfiles/stm32/gcc-arm-none-eabi-10.3-2021.10/bin/../lib/gcc/arm-none-eabi/10.3.1/../../../../arm-none-eabi/lib/thumb/v7e-m/nofp\libc.a(lib_a-dtoa.o)
 .text._dtoa_r  0x08005428      0xec4 d:/programfiles/stm32/gcc-arm-none-eabi-10.3-2021.10/bin/../lib/gcc/arm-none-eabi/10.3.1/../../../../arm-none-eabi/lib/thumb/v7e-m/nofp\libc.a(lib_a-dtoa.o)
                0x08005428                _dtoa_r
 .text.__sflush_r
                0x080062ec      0x120 d:/programfiles/stm32/gcc-arm-none-eabi-10.3-2021.10/bin/../lib/gcc/arm-none-eabi/10.3.1/../../../../arm-none-eabi/lib/thumb/v7e-m/nofp\libc.a(lib_a-fflush.o)
                0x080062ec                __sflush_r
 .text._fflush_r
                0x0800640c       0x5c d:/programfiles/stm32/gcc-arm-none-eabi-10.3-2021.10/bin/../lib/gcc/arm-none-eabi/10.3.1/../../../../arm-none-eabi/lib/thumb/v7e-m/nofp\libc.a(lib_a-fflush.o)
                0x0800640c                _fflush_r
 .text._cleanup_r
                0x08006468        0xc d:/programfiles/stm32/gcc-arm-none-eabi-10.3-2021.10/bin/../lib/gcc/arm-none-eabi/10.3.1/../../../../arm-none-eabi/lib/thumb/v7e-m/nofp\libc.a(lib_a-findfp.o)
                0x08006468                _cleanup_r
 .text.__sinit  0x08006474      0x10c d:/programfiles/stm32/gcc-arm-none-eabi-10.3-2021.10/bin/../lib/gcc/arm-none-eabi/10.3.1/../../../../arm-none-eabi/lib/thumb/v7e-m/nofp\libc.a(lib_a-findfp.o)
                0x08006474                __sinit
 .text.__sfp_lock_acquire
                0x08006580        0xc d:/programfiles/stm32/gcc-arm-none-eabi-10.3-2021.10/bin/../lib/gcc/arm-none-eabi/10.3.1/../../../../arm-none-eabi/lib/thumb/v7e-m/nofp\libc.a(lib_a-findfp.o)
                0x08006580                __sfp_lock_acquire
 .text.__sfp_lock_release
                0x0800658c        0xc d:/programfiles/stm32/gcc-arm-none-eabi-10.3-2021.10/bin/../lib/gcc/arm-none-eabi/10.3.1/../../../../arm-none-eabi/lib/thumb/v7e-m/nofp\libc.a(lib_a-findfp.o)
                0x0800658c                __sfp_lock_release
 .text.__libc_fini_array
                0x08006598       0x2c d:/programfiles/stm32/gcc-arm-none-eabi-10.3-2021.10/bin/../lib/gcc/arm-none-eabi/10.3.1/../../../../arm-none-eabi/lib/thumb/v7e-m/nofp\libc.a(lib_a-fini.o)
                0x08006598                __libc_fini_array
 .text._malloc_trim_r
                0x080065c4       0xa0 d:/programfiles/stm32/gcc-arm-none-eabi-10.3-2021.10/bin/../lib/gcc/arm-none-eabi/10.3.1/../../../../arm-none-eabi/lib/thumb/v7e-m/nofp\libc.a(lib_a-freer.o)
                0x080065c4                _malloc_trim_r
 .text._free_r  0x08006664      0x20c d:/programfiles/stm32/gcc-arm-none-eabi-10.3-2021.10/bin/../lib/gcc/arm-none-eabi/10.3.1/../../../../arm-none-eabi/lib/thumb/v7e-m/nofp\libc.a(lib_a-freer.o)
                0x08006664                _free_r
 .text.__sfvwrite_r
                0x08006870      0x2e8 d:/programfiles/stm32/gcc-arm-none-eabi-10.3-2021.10/bin/../lib/gcc/arm-none-eabi/10.3.1/../../../../arm-none-eabi/lib/thumb/v7e-m/nofp\libc.a(lib_a-fvwrite.o)
                0x08006870                __sfvwrite_r
 .text._fwalk_reent
                0x08006b58       0x48 d:/programfiles/stm32/gcc-arm-none-eabi-10.3-2021.10/bin/../lib/gcc/arm-none-eabi/10.3.1/../../../../arm-none-eabi/lib/thumb/v7e-m/nofp\libc.a(lib_a-fwalk.o)
                0x08006b58                _fwalk_reent
 .text._localeconv_r
                0x08006ba0        0x8 d:/programfiles/stm32/gcc-arm-none-eabi-10.3-2021.10/bin/../lib/gcc/arm-none-eabi/10.3.1/../../../../arm-none-eabi/lib/thumb/v7e-m/nofp\libc.a(lib_a-localeconv.o)
                0x08006ba0                _localeconv_r
 .text.__retarget_lock_init_recursive
                0x08006ba8        0x4 d:/programfiles/stm32/gcc-arm-none-eabi-10.3-2021.10/bin/../lib/gcc/arm-none-eabi/10.3.1/../../../../arm-none-eabi/lib/thumb/v7e-m/nofp\libc.a(lib_a-lock.o)
                0x08006ba8                __retarget_lock_init_recursive
 .text.__retarget_lock_close_recursive
                0x08006bac        0x4 d:/programfiles/stm32/gcc-arm-none-eabi-10.3-2021.10/bin/../lib/gcc/arm-none-eabi/10.3.1/../../../../arm-none-eabi/lib/thumb/v7e-m/nofp\libc.a(lib_a-lock.o)
                0x08006bac                __retarget_lock_close_recursive
 .text.__retarget_lock_acquire_recursive
                0x08006bb0        0x4 d:/programfiles/stm32/gcc-arm-none-eabi-10.3-2021.10/bin/../lib/gcc/arm-none-eabi/10.3.1/../../../../arm-none-eabi/lib/thumb/v7e-m/nofp\libc.a(lib_a-lock.o)
                0x08006bb0                __retarget_lock_acquire_recursive
 .text.__retarget_lock_release_recursive
                0x08006bb4        0x4 d:/programfiles/stm32/gcc-arm-none-eabi-10.3-2021.10/bin/../lib/gcc/arm-none-eabi/10.3.1/../../../../arm-none-eabi/lib/thumb/v7e-m/nofp\libc.a(lib_a-lock.o)
                0x08006bb4                __retarget_lock_release_recursive
 .text.__smakebuf_r
                0x08006bb8       0xe0 d:/programfiles/stm32/gcc-arm-none-eabi-10.3-2021.10/bin/../lib/gcc/arm-none-eabi/10.3.1/../../../../arm-none-eabi/lib/thumb/v7e-m/nofp\libc.a(lib_a-makebuf.o)
                0x08006bb8                __smakebuf_r
 .text.__swhatbuf_r
                0x08006c98       0x60 d:/programfiles/stm32/gcc-arm-none-eabi-10.3-2021.10/bin/../lib/gcc/arm-none-eabi/10.3.1/../../../../arm-none-eabi/lib/thumb/v7e-m/nofp\libc.a(lib_a-makebuf.o)
                0x08006c98                __swhatbuf_r
 .text.malloc   0x08006cf8       0x10 d:/programfiles/stm32/gcc-arm-none-eabi-10.3-2021.10/bin/../lib/gcc/arm-none-eabi/10.3.1/../../../../arm-none-eabi/lib/thumb/v7e-m/nofp\libc.a(lib_a-malloc.o)
                0x08006cf8                malloc
 .text._malloc_r
                0x08006d08      0x560 d:/programfiles/stm32/gcc-arm-none-eabi-10.3-2021.10/bin/../lib/gcc/arm-none-eabi/10.3.1/../../../../arm-none-eabi/lib/thumb/v7e-m/nofp\libc.a(lib_a-mallocr.o)
                0x08006d08                _malloc_r
 .text.memmove  0x08007268       0xf8 d:/programfiles/stm32/gcc-arm-none-eabi-10.3-2021.10/bin/../lib/gcc/arm-none-eabi/10.3.1/../../../../arm-none-eabi/lib/thumb/v7e-m/nofp\libc.a(lib_a-memmove.o)
                0x08007268                memmove
 .text.__malloc_lock
                0x08007360        0xc d:/programfiles/stm32/gcc-arm-none-eabi-10.3-2021.10/bin/../lib/gcc/arm-none-eabi/10.3.1/../../../../arm-none-eabi/lib/thumb/v7e-m/nofp\libc.a(lib_a-mlock.o)
                0x08007360                __malloc_lock
 .text.__malloc_unlock
                0x0800736c        0xc d:/programfiles/stm32/gcc-arm-none-eabi-10.3-2021.10/bin/../lib/gcc/arm-none-eabi/10.3.1/../../../../arm-none-eabi/lib/thumb/v7e-m/nofp\libc.a(lib_a-mlock.o)
                0x0800736c                __malloc_unlock
 .text._Balloc  0x08007378       0x4c d:/programfiles/stm32/gcc-arm-none-eabi-10.3-2021.10/bin/../lib/gcc/arm-none-eabi/10.3.1/../../../../arm-none-eabi/lib/thumb/v7e-m/nofp\libc.a(lib_a-mprec.o)
                0x08007378                _Balloc
 .text._Bfree   0x080073c4       0x14 d:/programfiles/stm32/gcc-arm-none-eabi-10.3-2021.10/bin/../lib/gcc/arm-none-eabi/10.3.1/../../../../arm-none-eabi/lib/thumb/v7e-m/nofp\libc.a(lib_a-mprec.o)
                0x080073c4                _Bfree
 .text.__multadd
                0x080073d8       0xa0 d:/programfiles/stm32/gcc-arm-none-eabi-10.3-2021.10/bin/../lib/gcc/arm-none-eabi/10.3.1/../../../../arm-none-eabi/lib/thumb/v7e-m/nofp\libc.a(lib_a-mprec.o)
                0x080073d8                __multadd
 .text.__hi0bits
                0x08007478       0x40 d:/programfiles/stm32/gcc-arm-none-eabi-10.3-2021.10/bin/../lib/gcc/arm-none-eabi/10.3.1/../../../../arm-none-eabi/lib/thumb/v7e-m/nofp\libc.a(lib_a-mprec.o)
                0x08007478                __hi0bits
 .text.__lo0bits
                0x080074b8       0x5c d:/programfiles/stm32/gcc-arm-none-eabi-10.3-2021.10/bin/../lib/gcc/arm-none-eabi/10.3.1/../../../../arm-none-eabi/lib/thumb/v7e-m/nofp\libc.a(lib_a-mprec.o)
                0x080074b8                __lo0bits
 .text.__i2b    0x08007514       0x5c d:/programfiles/stm32/gcc-arm-none-eabi-10.3-2021.10/bin/../lib/gcc/arm-none-eabi/10.3.1/../../../../arm-none-eabi/lib/thumb/v7e-m/nofp\libc.a(lib_a-mprec.o)
                0x08007514                __i2b
 .text.__multiply
                0x08007570      0x15c d:/programfiles/stm32/gcc-arm-none-eabi-10.3-2021.10/bin/../lib/gcc/arm-none-eabi/10.3.1/../../../../arm-none-eabi/lib/thumb/v7e-m/nofp\libc.a(lib_a-mprec.o)
                0x08007570                __multiply
 .text.__pow5mult
                0x080076cc       0xc0 d:/programfiles/stm32/gcc-arm-none-eabi-10.3-2021.10/bin/../lib/gcc/arm-none-eabi/10.3.1/../../../../arm-none-eabi/lib/thumb/v7e-m/nofp\libc.a(lib_a-mprec.o)
                0x080076cc                __pow5mult
 .text.__lshift
                0x0800778c       0xf0 d:/programfiles/stm32/gcc-arm-none-eabi-10.3-2021.10/bin/../lib/gcc/arm-none-eabi/10.3.1/../../../../arm-none-eabi/lib/thumb/v7e-m/nofp\libc.a(lib_a-mprec.o)
                0x0800778c                __lshift
 .text.__mcmp   0x0800787c       0x40 d:/programfiles/stm32/gcc-arm-none-eabi-10.3-2021.10/bin/../lib/gcc/arm-none-eabi/10.3.1/../../../../arm-none-eabi/lib/thumb/v7e-m/nofp\libc.a(lib_a-mprec.o)
                0x0800787c                __mcmp
 .text.__mdiff  0x080078bc      0x14c d:/programfiles/stm32/gcc-arm-none-eabi-10.3-2021.10/bin/../lib/gcc/arm-none-eabi/10.3.1/../../../../arm-none-eabi/lib/thumb/v7e-m/nofp\libc.a(lib_a-mprec.o)
                0x080078bc                __mdiff
 .text.__d2b    0x08007a08       0xc4 d:/programfiles/stm32/gcc-arm-none-eabi-10.3-2021.10/bin/../lib/gcc/arm-none-eabi/10.3.1/../../../../arm-none-eabi/lib/thumb/v7e-m/nofp\libc.a(lib_a-mprec.o)
                0x08007a08                __d2b
 .text._realloc_r
                0x08007acc      0x3d8 d:/programfiles/stm32/gcc-arm-none-eabi-10.3-2021.10/bin/../lib/gcc/arm-none-eabi/10.3.1/../../../../arm-none-eabi/lib/thumb/v7e-m/nofp\libc.a(lib_a-reallocr.o)
                0x08007acc                _realloc_r
 .text.frexp    0x08007ea4       0x70 d:/programfiles/stm32/gcc-arm-none-eabi-10.3-2021.10/bin/../lib/gcc/arm-none-eabi/10.3.1/../../../../arm-none-eabi/lib/thumb/v7e-m/nofp\libc.a(lib_a-s_frexp.o)
                0x08007ea4                frexp
 .text._sbrk_r  0x08007f14       0x24 d:/programfiles/stm32/gcc-arm-none-eabi-10.3-2021.10/bin/../lib/gcc/arm-none-eabi/10.3.1/../../../../arm-none-eabi/lib/thumb/v7e-m/nofp\libc.a(lib_a-sbrkr.o)
                0x08007f14                _sbrk_r
 .text.__sread  0x08007f38       0x24 d:/programfiles/stm32/gcc-arm-none-eabi-10.3-2021.10/bin/../lib/gcc/arm-none-eabi/10.3.1/../../../../arm-none-eabi/lib/thumb/v7e-m/nofp\libc.a(lib_a-stdio.o)
                0x08007f38                __sread
 .text.__swrite
                0x08007f5c       0x40 d:/programfiles/stm32/gcc-arm-none-eabi-10.3-2021.10/bin/../lib/gcc/arm-none-eabi/10.3.1/../../../../arm-none-eabi/lib/thumb/v7e-m/nofp\libc.a(lib_a-stdio.o)
                0x08007f5c                __swrite
 .text.__sseek  0x08007f9c       0x20 d:/programfiles/stm32/gcc-arm-none-eabi-10.3-2021.10/bin/../lib/gcc/arm-none-eabi/10.3.1/../../../../arm-none-eabi/lib/thumb/v7e-m/nofp\libc.a(lib_a-stdio.o)
                0x08007f9c                __sseek
 .text.__sclose
                0x08007fbc        0x8 d:/programfiles/stm32/gcc-arm-none-eabi-10.3-2021.10/bin/../lib/gcc/arm-none-eabi/10.3.1/../../../../arm-none-eabi/lib/thumb/v7e-m/nofp\libc.a(lib_a-stdio.o)
                0x08007fbc                __sclose
 .text.strncpy  0x08007fc4       0x64 d:/programfiles/stm32/gcc-arm-none-eabi-10.3-2021.10/bin/../lib/gcc/arm-none-eabi/10.3.1/../../../../arm-none-eabi/lib/thumb/v7e-m/nofp\libc.a(lib_a-strncpy.o)
                0x08007fc4                strncpy
 .text.__sprint_r.part.0
                0x08008028       0x78 d:/programfiles/stm32/gcc-arm-none-eabi-10.3-2021.10/bin/../lib/gcc/arm-none-eabi/10.3.1/../../../../arm-none-eabi/lib/thumb/v7e-m/nofp\libc.a(lib_a-vfiprintf.o)
 .text.__sprint_r
                0x080080a0       0x14 d:/programfiles/stm32/gcc-arm-none-eabi-10.3-2021.10/bin/../lib/gcc/arm-none-eabi/10.3.1/../../../../arm-none-eabi/lib/thumb/v7e-m/nofp\libc.a(lib_a-vfiprintf.o)
                0x080080a0                __sprint_r
 .text._vfiprintf_r
                0x080080b4      0xda0 d:/programfiles/stm32/gcc-arm-none-eabi-10.3-2021.10/bin/../lib/gcc/arm-none-eabi/10.3.1/../../../../arm-none-eabi/lib/thumb/v7e-m/nofp\libc.a(lib_a-vfiprintf.o)
                0x080080b4                _vfiprintf_r
 .text.__sbprintf
                0x08008e54       0x80 d:/programfiles/stm32/gcc-arm-none-eabi-10.3-2021.10/bin/../lib/gcc/arm-none-eabi/10.3.1/../../../../arm-none-eabi/lib/thumb/v7e-m/nofp\libc.a(lib_a-vfiprintf.o)
 .text._write_r
                0x08008ed4       0x2c d:/programfiles/stm32/gcc-arm-none-eabi-10.3-2021.10/bin/../lib/gcc/arm-none-eabi/10.3.1/../../../../arm-none-eabi/lib/thumb/v7e-m/nofp\libc.a(lib_a-writer.o)
                0x08008ed4                _write_r
 .text.__register_exitproc
                0x08008f00       0x8c d:/programfiles/stm32/gcc-arm-none-eabi-10.3-2021.10/bin/../lib/gcc/arm-none-eabi/10.3.1/../../../../arm-none-eabi/lib/thumb/v7e-m/nofp\libc.a(lib_a-__atexit.o)
                0x08008f00                __register_exitproc
 .text.__assert_func
                0x08008f8c       0x40 d:/programfiles/stm32/gcc-arm-none-eabi-10.3-2021.10/bin/../lib/gcc/arm-none-eabi/10.3.1/../../../../arm-none-eabi/lib/thumb/v7e-m/nofp\libc.a(lib_a-assert.o)
                0x08008f8c                __assert_func
 .text._calloc_r
                0x08008fcc       0x78 d:/programfiles/stm32/gcc-arm-none-eabi-10.3-2021.10/bin/../lib/gcc/arm-none-eabi/10.3.1/../../../../arm-none-eabi/lib/thumb/v7e-m/nofp\libc.a(lib_a-callocr.o)
                0x08008fcc                _calloc_r
 .text._close_r
                0x08009044       0x24 d:/programfiles/stm32/gcc-arm-none-eabi-10.3-2021.10/bin/../lib/gcc/arm-none-eabi/10.3.1/../../../../arm-none-eabi/lib/thumb/v7e-m/nofp\libc.a(lib_a-closer.o)
                0x08009044                _close_r
 .text._fclose_r
                0x08009068       0xcc d:/programfiles/stm32/gcc-arm-none-eabi-10.3-2021.10/bin/../lib/gcc/arm-none-eabi/10.3.1/../../../../arm-none-eabi/lib/thumb/v7e-m/nofp\libc.a(lib_a-fclose.o)
                0x08009068                _fclose_r
 .text.fiprintf
                0x08009134       0x28 d:/programfiles/stm32/gcc-arm-none-eabi-10.3-2021.10/bin/../lib/gcc/arm-none-eabi/10.3.1/../../../../arm-none-eabi/lib/thumb/v7e-m/nofp\libc.a(lib_a-fiprintf.o)
                0x08009134                fiprintf
 .text.__fputwc
                0x0800915c       0xa8 d:/programfiles/stm32/gcc-arm-none-eabi-10.3-2021.10/bin/../lib/gcc/arm-none-eabi/10.3.1/../../../../arm-none-eabi/lib/thumb/v7e-m/nofp\libc.a(lib_a-fputwc.o)
                0x0800915c                __fputwc
 .text._fputwc_r
                0x08009204       0x68 d:/programfiles/stm32/gcc-arm-none-eabi-10.3-2021.10/bin/../lib/gcc/arm-none-eabi/10.3.1/../../../../arm-none-eabi/lib/thumb/v7e-m/nofp\libc.a(lib_a-fputwc.o)
                0x08009204                _fputwc_r
 .text._fstat_r
                0x0800926c       0x2c d:/programfiles/stm32/gcc-arm-none-eabi-10.3-2021.10/bin/../lib/gcc/arm-none-eabi/10.3.1/../../../../arm-none-eabi/lib/thumb/v7e-m/nofp\libc.a(lib_a-fstatr.o)
                0x0800926c                _fstat_r
 .text._isatty_r
                0x08009298       0x24 d:/programfiles/stm32/gcc-arm-none-eabi-10.3-2021.10/bin/../lib/gcc/arm-none-eabi/10.3.1/../../../../arm-none-eabi/lib/thumb/v7e-m/nofp\libc.a(lib_a-isattyr.o)
                0x08009298                _isatty_r
 .text.__locale_mb_cur_max
                0x080092bc        0xc d:/programfiles/stm32/gcc-arm-none-eabi-10.3-2021.10/bin/../lib/gcc/arm-none-eabi/10.3.1/../../../../arm-none-eabi/lib/thumb/v7e-m/nofp\libc.a(lib_a-locale.o)
                0x080092bc                __locale_mb_cur_max
 .text._lseek_r
                0x080092c8       0x2c d:/programfiles/stm32/gcc-arm-none-eabi-10.3-2021.10/bin/../lib/gcc/arm-none-eabi/10.3.1/../../../../arm-none-eabi/lib/thumb/v7e-m/nofp\libc.a(lib_a-lseekr.o)
                0x080092c8                _lseek_r
 .text.__ascii_mbtowc
                0x080092f4       0x2c d:/programfiles/stm32/gcc-arm-none-eabi-10.3-2021.10/bin/../lib/gcc/arm-none-eabi/10.3.1/../../../../arm-none-eabi/lib/thumb/v7e-m/nofp\libc.a(lib_a-mbtowc_r.o)
                0x080092f4                __ascii_mbtowc
 .text._read_r  0x08009320       0x2c d:/programfiles/stm32/gcc-arm-none-eabi-10.3-2021.10/bin/../lib/gcc/arm-none-eabi/10.3.1/../../../../arm-none-eabi/lib/thumb/v7e-m/nofp\libc.a(lib_a-readr.o)
                0x08009320                _read_r
 .text.__swbuf_r
                0x0800934c       0xb0 d:/programfiles/stm32/gcc-arm-none-eabi-10.3-2021.10/bin/../lib/gcc/arm-none-eabi/10.3.1/../../../../arm-none-eabi/lib/thumb/v7e-m/nofp\libc.a(lib_a-wbuf.o)
                0x0800934c                __swbuf_r
 .text._wcrtomb_r
                0x080093fc       0x3c d:/programfiles/stm32/gcc-arm-none-eabi-10.3-2021.10/bin/../lib/gcc/arm-none-eabi/10.3.1/../../../../arm-none-eabi/lib/thumb/v7e-m/nofp\libc.a(lib_a-wcrtomb.o)
                0x080093fc                _wcrtomb_r
 .text.__ascii_wctomb
                0x08009438       0x1c d:/programfiles/stm32/gcc-arm-none-eabi-10.3-2021.10/bin/../lib/gcc/arm-none-eabi/10.3.1/../../../../arm-none-eabi/lib/thumb/v7e-m/nofp\libc.a(lib_a-wctomb_r.o)
                0x08009438                __ascii_wctomb
 .text.abort    0x08009454       0x10 d:/programfiles/stm32/gcc-arm-none-eabi-10.3-2021.10/bin/../lib/gcc/arm-none-eabi/10.3.1/../../../../arm-none-eabi/lib/thumb/v7e-m/nofp\libc.a(lib_a-abort.o)
                0x08009454                abort
 .text.raise    0x08009464       0x5c d:/programfiles/stm32/gcc-arm-none-eabi-10.3-2021.10/bin/../lib/gcc/arm-none-eabi/10.3.1/../../../../arm-none-eabi/lib/thumb/v7e-m/nofp\libc.a(lib_a-signal.o)
                0x08009464                raise
 .text._kill_r  0x080094c0       0x2c d:/programfiles/stm32/gcc-arm-none-eabi-10.3-2021.10/bin/../lib/gcc/arm-none-eabi/10.3.1/../../../../arm-none-eabi/lib/thumb/v7e-m/nofp\libc.a(lib_a-signalr.o)
                0x080094c0                _kill_r
 .text._getpid_r
                0x080094ec        0x4 d:/programfiles/stm32/gcc-arm-none-eabi-10.3-2021.10/bin/../lib/gcc/arm-none-eabi/10.3.1/../../../../arm-none-eabi/lib/thumb/v7e-m/nofp\libc.a(lib_a-signalr.o)
                0x080094ec                _getpid_r
 *(.glue_7)
 .glue_7        0x080094f0        0x0 linker stubs
 *(.glue_7t)
 .glue_7t       0x080094f0        0x0 linker stubs
 *(.eh_frame)
 .eh_frame      0x080094f0        0x0 d:/programfiles/stm32/gcc-arm-none-eabi-10.3-2021.10/bin/../lib/gcc/arm-none-eabi/10.3.1/thumb/v7e-m/nofp/crtbegin.o
 *(.init)
 .init          0x080094f0        0x4 d:/programfiles/stm32/gcc-arm-none-eabi-10.3-2021.10/bin/../lib/gcc/arm-none-eabi/10.3.1/thumb/v7e-m/nofp/crti.o
                0x080094f0                _init
 .init          0x080094f4        0x8 d:/programfiles/stm32/gcc-arm-none-eabi-10.3-2021.10/bin/../lib/gcc/arm-none-eabi/10.3.1/thumb/v7e-m/nofp/crtn.o
 *(.fini)
 .fini          0x080094fc        0x4 d:/programfiles/stm32/gcc-arm-none-eabi-10.3-2021.10/bin/../lib/gcc/arm-none-eabi/10.3.1/thumb/v7e-m/nofp/crti.o
                0x080094fc                _fini
 .fini          0x08009500        0x8 d:/programfiles/stm32/gcc-arm-none-eabi-10.3-2021.10/bin/../lib/gcc/arm-none-eabi/10.3.1/thumb/v7e-m/nofp/crtn.o
                0x08009508                . = ALIGN (0x4)
                0x08009508                _etext = .

.vfp11_veneer   0x08009508        0x0
 .vfp11_veneer  0x08009508        0x0 linker stubs

.v4_bx          0x08009508        0x0
 .v4_bx         0x08009508        0x0 linker stubs

.iplt           0x08009508        0x0
 .iplt          0x08009508        0x0 d:/programfiles/stm32/gcc-arm-none-eabi-10.3-2021.10/bin/../lib/gcc/arm-none-eabi/10.3.1/thumb/v7e-m/nofp/crtbegin.o

.rodata         0x08009508      0x438
                0x08009508                . = ALIGN (0x4)
 *(.rodata)
 *(.rodata*)
 .rodata.main.str1.4
                0x08009508       0x14 CMakeFiles/DAC-HM.elf.dir/Core/Src/main.c.obj
 .rodata.AHBPrescTable
                0x0800951c       0x10 CMakeFiles/DAC-HM.elf.dir/Core/Src/system_stm32f4xx.c.obj
                0x0800951c                AHBPrescTable
 .rodata.APBPrescTable
                0x0800952c        0x8 CMakeFiles/DAC-HM.elf.dir/Core/Src/system_stm32f4xx.c.obj
                0x0800952c                APBPrescTable
 .rodata.uart1_handle.str1.4
                0x08009534        0xa CMakeFiles/DAC-HM.elf.dir/Utils/usart_utilize.c.obj
 *fill*         0x0800953e        0x2 
 .rodata._global_impure_ptr
                0x08009540        0x4 d:/programfiles/stm32/gcc-arm-none-eabi-10.3-2021.10/bin/../lib/gcc/arm-none-eabi/10.3.1/../../../../arm-none-eabi/lib/thumb/v7e-m/nofp\libc.a(lib_a-impure.o)
                0x08009540                _global_impure_ptr
 .rodata._puts_r.str1.4
                0x08009544        0x2 d:/programfiles/stm32/gcc-arm-none-eabi-10.3-2021.10/bin/../lib/gcc/arm-none-eabi/10.3.1/../../../../arm-none-eabi/lib/thumb/v7e-m/nofp\libc.a(lib_a-puts.o)
 *fill*         0x08009546        0x2 
 .rodata._vfprintf_r.str1.4
                0x08009548       0x42 d:/programfiles/stm32/gcc-arm-none-eabi-10.3-2021.10/bin/../lib/gcc/arm-none-eabi/10.3.1/../../../../arm-none-eabi/lib/thumb/v7e-m/nofp\libc.a(lib_a-vfprintf.o)
 *fill*         0x0800958a        0x2 
 .rodata.blanks.1
                0x0800958c       0x10 d:/programfiles/stm32/gcc-arm-none-eabi-10.3-2021.10/bin/../lib/gcc/arm-none-eabi/10.3.1/../../../../arm-none-eabi/lib/thumb/v7e-m/nofp\libc.a(lib_a-vfprintf.o)
 .rodata.zeroes.0
                0x0800959c       0x10 d:/programfiles/stm32/gcc-arm-none-eabi-10.3-2021.10/bin/../lib/gcc/arm-none-eabi/10.3.1/../../../../arm-none-eabi/lib/thumb/v7e-m/nofp\libc.a(lib_a-vfprintf.o)
 .rodata._dtoa_r.str1.4
                0x080095ac       0xa2 d:/programfiles/stm32/gcc-arm-none-eabi-10.3-2021.10/bin/../lib/gcc/arm-none-eabi/10.3.1/../../../../arm-none-eabi/lib/thumb/v7e-m/nofp\libc.a(lib_a-dtoa.o)
                                 0xa6 (size before relaxing)
 *fill*         0x0800964e        0x2 
 .rodata.__multadd.str1.4
                0x08009650       0x7f d:/programfiles/stm32/gcc-arm-none-eabi-10.3-2021.10/bin/../lib/gcc/arm-none-eabi/10.3.1/../../../../arm-none-eabi/lib/thumb/v7e-m/nofp\libc.a(lib_a-mprec.o)
                                 0x93 (size before relaxing)
 *fill*         0x080096cf        0x1 
 .rodata.__mprec_bigtens
                0x080096d0       0x28 d:/programfiles/stm32/gcc-arm-none-eabi-10.3-2021.10/bin/../lib/gcc/arm-none-eabi/10.3.1/../../../../arm-none-eabi/lib/thumb/v7e-m/nofp\libc.a(lib_a-mprec.o)
                0x080096d0                __mprec_bigtens
 .rodata.__mprec_tens
                0x080096f8       0xc8 d:/programfiles/stm32/gcc-arm-none-eabi-10.3-2021.10/bin/../lib/gcc/arm-none-eabi/10.3.1/../../../../arm-none-eabi/lib/thumb/v7e-m/nofp\libc.a(lib_a-mprec.o)
                0x080096f8                __mprec_tens
 .rodata.p05.0  0x080097c0        0xc d:/programfiles/stm32/gcc-arm-none-eabi-10.3-2021.10/bin/../lib/gcc/arm-none-eabi/10.3.1/../../../../arm-none-eabi/lib/thumb/v7e-m/nofp\libc.a(lib_a-mprec.o)
 .rodata._vfiprintf_r.str1.4
                0x080097cc       0x2f d:/programfiles/stm32/gcc-arm-none-eabi-10.3-2021.10/bin/../lib/gcc/arm-none-eabi/10.3.1/../../../../arm-none-eabi/lib/thumb/v7e-m/nofp\libc.a(lib_a-vfiprintf.o)
 .rodata.blanks.1
                0x080097cc       0x10 d:/programfiles/stm32/gcc-arm-none-eabi-10.3-2021.10/bin/../lib/gcc/arm-none-eabi/10.3.1/../../../../arm-none-eabi/lib/thumb/v7e-m/nofp\libc.a(lib_a-vfiprintf.o)
 .rodata.zeroes.0
                0x080097dc       0x10 d:/programfiles/stm32/gcc-arm-none-eabi-10.3-2021.10/bin/../lib/gcc/arm-none-eabi/10.3.1/../../../../arm-none-eabi/lib/thumb/v7e-m/nofp\libc.a(lib_a-vfiprintf.o)
 .rodata.__assert_func.str1.4
                0x080097ec       0x3f d:/programfiles/stm32/gcc-arm-none-eabi-10.3-2021.10/bin/../lib/gcc/arm-none-eabi/10.3.1/../../../../arm-none-eabi/lib/thumb/v7e-m/nofp\libc.a(lib_a-assert.o)
                                 0x43 (size before relaxing)
 *fill*         0x0800982b        0x1 
 .rodata._setlocale_r.str1.4
                0x0800982c        0xa d:/programfiles/stm32/gcc-arm-none-eabi-10.3-2021.10/bin/../lib/gcc/arm-none-eabi/10.3.1/../../../../arm-none-eabi/lib/thumb/v7e-m/nofp\libc.a(lib_a-locale.o)
                                  0xd (size before relaxing)
 *fill*         0x08009836        0x2 
 .rodata.str1.4
                0x08009838        0x2 d:/programfiles/stm32/gcc-arm-none-eabi-10.3-2021.10/bin/../lib/gcc/arm-none-eabi/10.3.1/../../../../arm-none-eabi/lib/thumb/v7e-m/nofp\libc.a(lib_a-locale.o)
 *fill*         0x0800983a        0x2 
 .rodata._ctype_
                0x0800983c      0x101 d:/programfiles/stm32/gcc-arm-none-eabi-10.3-2021.10/bin/../lib/gcc/arm-none-eabi/10.3.1/../../../../arm-none-eabi/lib/thumb/v7e-m/nofp\libc.a(lib_a-ctype_.o)
                0x0800983c                _ctype_
                0x08009940                . = ALIGN (0x4)
 *fill*         0x0800993d        0x3 

.ARM.extab      0x08009940        0x0
                0x08009940                . = ALIGN (0x4)
 *(.ARM.extab* .gnu.linkonce.armextab.*)
                0x08009940                . = ALIGN (0x4)

.ARM            0x08009940        0x8
                0x08009940                . = ALIGN (0x4)
                0x08009940                __exidx_start = .
 *(.ARM.exidx*)
 .ARM.exidx     0x08009940        0x8 d:/programfiles/stm32/gcc-arm-none-eabi-10.3-2021.10/bin/../lib/gcc/arm-none-eabi/10.3.1/thumb/v7e-m/nofp\libgcc.a(_udivmoddi4.o)
                0x08009948                __exidx_end = .
                0x08009948                . = ALIGN (0x4)

.rel.dyn        0x08009948        0x0
 .rel.iplt      0x08009948        0x0 d:/programfiles/stm32/gcc-arm-none-eabi-10.3-2021.10/bin/../lib/gcc/arm-none-eabi/10.3.1/thumb/v7e-m/nofp/crtbegin.o

.preinit_array  0x08009948        0x0
                0x08009948                . = ALIGN (0x4)
                0x08009948                PROVIDE (__preinit_array_start = .)
 *(.preinit_array*)
                0x08009948                PROVIDE (__preinit_array_end = .)
                0x08009948                . = ALIGN (0x4)

.init_array     0x08009948        0x8
                0x08009948                . = ALIGN (0x4)
                0x08009948                PROVIDE (__init_array_start = .)
 *(SORT_BY_NAME(.init_array.*))
 .init_array.00000
                0x08009948        0x4 d:/programfiles/stm32/gcc-arm-none-eabi-10.3-2021.10/bin/../lib/gcc/arm-none-eabi/10.3.1/../../../../arm-none-eabi/lib/thumb/v7e-m/nofp\libc.a(lib_a-__call_atexit.o)
 *(.init_array*)
 .init_array    0x0800994c        0x4 d:/programfiles/stm32/gcc-arm-none-eabi-10.3-2021.10/bin/../lib/gcc/arm-none-eabi/10.3.1/thumb/v7e-m/nofp/crtbegin.o
                0x08009950                PROVIDE (__init_array_end = .)
                0x08009950                . = ALIGN (0x4)

.fini_array     0x08009950        0x4
                0x08009950                . = ALIGN (0x4)
                0x08009950                PROVIDE (__fini_array_start = .)
 *(SORT_BY_NAME(.fini_array.*))
 *(.fini_array*)
 .fini_array    0x08009950        0x4 d:/programfiles/stm32/gcc-arm-none-eabi-10.3-2021.10/bin/../lib/gcc/arm-none-eabi/10.3.1/thumb/v7e-m/nofp/crtbegin.o
                0x08009954                PROVIDE (__fini_array_end = .)
                0x08009954                . = ALIGN (0x4)
                0x08009954                _sidata = LOADADDR (.data)

.data           0x20000000     0xae40 load address 0x08009954
                0x20000000                . = ALIGN (0x4)
                0x20000000                _sdata = .
 *(.data)
 *(.data*)
 .data.SystemCoreClock
                0x20000000        0x4 CMakeFiles/DAC-HM.elf.dir/Core/Src/system_stm32f4xx.c.obj
                0x20000000                SystemCoreClock
 .data.uwTickFreq
                0x20000004        0x1 CMakeFiles/DAC-HM.elf.dir/Drivers/STM32F4xx_HAL_Driver/Src/stm32f4xx_hal.c.obj
                0x20000004                uwTickFreq
 *fill*         0x20000005        0x3 
 .data.uwTickPrio
                0x20000008        0x4 CMakeFiles/DAC-HM.elf.dir/Drivers/STM32F4xx_HAL_Driver/Src/stm32f4xx_hal.c.obj
                0x20000008                uwTickPrio
 .data.pulse_1111
                0x2000000c       0x20 CMakeFiles/DAC-HM.elf.dir/Utils/dac_waveform.c.obj
                0x2000000c                pulse_1111
 .data.table_mask3_0
                0x2000002c     0x1770 CMakeFiles/DAC-HM.elf.dir/Utils/dac_waveform.c.obj
                0x2000002c                table_mask3_0
 .data.table_mask3_1
                0x2000179c     0x1770 CMakeFiles/DAC-HM.elf.dir/Utils/dac_waveform.c.obj
                0x2000179c                table_mask3_1
 .data.table_mask3_2
                0x20002f0c     0x1770 CMakeFiles/DAC-HM.elf.dir/Utils/dac_waveform.c.obj
                0x20002f0c                table_mask3_2
 .data.table_mask3_3
                0x2000467c     0x1770 CMakeFiles/DAC-HM.elf.dir/Utils/dac_waveform.c.obj
                0x2000467c                table_mask3_3
 .data.table_mask3_4
                0x20005dec     0x1770 CMakeFiles/DAC-HM.elf.dir/Utils/dac_waveform.c.obj
                0x20005dec                table_mask3_4
 .data.table_mask3_5
                0x2000755c     0x1770 CMakeFiles/DAC-HM.elf.dir/Utils/dac_waveform.c.obj
                0x2000755c                table_mask3_5
 .data.table_mask3_6
                0x20008ccc     0x1770 CMakeFiles/DAC-HM.elf.dir/Utils/dac_waveform.c.obj
                0x20008ccc                table_mask3_6
 .data.triangle_A0
                0x2000a43c       0x54 CMakeFiles/DAC-HM.elf.dir/Utils/dac_waveform.c.obj
                0x2000a43c                triangle_A0
 .data._impure_ptr
                0x2000a490        0x4 d:/programfiles/stm32/gcc-arm-none-eabi-10.3-2021.10/bin/../lib/gcc/arm-none-eabi/10.3.1/../../../../arm-none-eabi/lib/thumb/v7e-m/nofp\libc.a(lib_a-impure.o)
                0x2000a490                _impure_ptr
 *fill*         0x2000a494        0x4 
 .data.impure_data
                0x2000a498      0x428 d:/programfiles/stm32/gcc-arm-none-eabi-10.3-2021.10/bin/../lib/gcc/arm-none-eabi/10.3.1/../../../../arm-none-eabi/lib/thumb/v7e-m/nofp\libc.a(lib_a-impure.o)
 .data.__atexit_recursive_mutex
                0x2000a8c0        0x4 d:/programfiles/stm32/gcc-arm-none-eabi-10.3-2021.10/bin/../lib/gcc/arm-none-eabi/10.3.1/../../../../arm-none-eabi/lib/thumb/v7e-m/nofp\libc.a(lib_a-__call_atexit.o)
                0x2000a8c0                __atexit_recursive_mutex
 .data.__malloc_av_
                0x2000a8c4      0x408 d:/programfiles/stm32/gcc-arm-none-eabi-10.3-2021.10/bin/../lib/gcc/arm-none-eabi/10.3.1/../../../../arm-none-eabi/lib/thumb/v7e-m/nofp\libc.a(lib_a-mallocr.o)
                0x2000a8c4                __malloc_av_
 .data.__malloc_sbrk_base
                0x2000accc        0x4 d:/programfiles/stm32/gcc-arm-none-eabi-10.3-2021.10/bin/../lib/gcc/arm-none-eabi/10.3.1/../../../../arm-none-eabi/lib/thumb/v7e-m/nofp\libc.a(lib_a-mallocr.o)
                0x2000accc                __malloc_sbrk_base
 .data.__malloc_trim_threshold
                0x2000acd0        0x4 d:/programfiles/stm32/gcc-arm-none-eabi-10.3-2021.10/bin/../lib/gcc/arm-none-eabi/10.3.1/../../../../arm-none-eabi/lib/thumb/v7e-m/nofp\libc.a(lib_a-mallocr.o)
                0x2000acd0                __malloc_trim_threshold
 .data.__global_locale
                0x2000acd4      0x16c d:/programfiles/stm32/gcc-arm-none-eabi-10.3-2021.10/bin/../lib/gcc/arm-none-eabi/10.3.1/../../../../arm-none-eabi/lib/thumb/v7e-m/nofp\libc.a(lib_a-locale.o)
                0x2000acd4                __global_locale
 *(.RamFunc)
 *(.RamFunc*)
                0x2000ae40                . = ALIGN (0x4)
                0x2000ae40                _edata = .
                0x08014794                _siccmram = LOADADDR (.ccmram)

.igot.plt       0x2000ae40        0x0 load address 0x08014794
 .igot.plt      0x2000ae40        0x0 d:/programfiles/stm32/gcc-arm-none-eabi-10.3-2021.10/bin/../lib/gcc/arm-none-eabi/10.3.1/thumb/v7e-m/nofp/crtbegin.o

.ccmram         0x10000000        0x0 load address 0x08014794
                0x10000000                . = ALIGN (0x4)
                0x10000000                _sccmram = .
 *(.ccmram)
 *(.ccmram*)
                0x10000000                . = ALIGN (0x4)
                0x10000000                _eccmram = .
                0x10000000                . = ALIGN (0x4)

.bss            0x2000ae40      0x234
                0x2000ae40                _sbss = .
                0x2000ae40                __bss_start__ = _sbss
 *(.bss)
 .bss           0x2000ae40       0x1c d:/programfiles/stm32/gcc-arm-none-eabi-10.3-2021.10/bin/../lib/gcc/arm-none-eabi/10.3.1/thumb/v7e-m/nofp/crtbegin.o
 *(.bss*)
 .bss.gHuart    0x2000ae5c        0x4 CMakeFiles/DAC-HM.elf.dir/Core/Src/retarget.c.obj
                0x2000ae5c                gHuart
 .bss.__sbrk_heap_end
                0x2000ae60        0x4 CMakeFiles/DAC-HM.elf.dir/Core/Src/sysmem.c.obj
 .bss.htim2     0x2000ae64       0x48 CMakeFiles/DAC-HM.elf.dir/Core/Src/tim.c.obj
                0x2000ae64                htim2
 .bss.htim3     0x2000aeac       0x48 CMakeFiles/DAC-HM.elf.dir/Core/Src/tim.c.obj
                0x2000aeac                htim3
 .bss.huart1    0x2000aef4       0x48 CMakeFiles/DAC-HM.elf.dir/Core/Src/usart.c.obj
                0x2000aef4                huart1
 .bss.uwTick    0x2000af3c        0x4 CMakeFiles/DAC-HM.elf.dir/Drivers/STM32F4xx_HAL_Driver/Src/stm32f4xx_hal.c.obj
                0x2000af3c                uwTick
 .bss.USART1_NewData
                0x2000af40        0x1 CMakeFiles/DAC-HM.elf.dir/Hardware/usart_handle.c.obj
                0x2000af40                USART1_NewData
 *fill*         0x2000af41        0x3 
 .bss.USART1_RX_BUF
                0x2000af44       0xc8 CMakeFiles/DAC-HM.elf.dir/Hardware/usart_handle.c.obj
                0x2000af44                USART1_RX_BUF
 .bss.USART_RX_STA
                0x2000b00c        0x2 CMakeFiles/DAC-HM.elf.dir/Hardware/usart_handle.c.obj
                0x2000b00c                USART_RX_STA
 *fill*         0x2000b00e        0x2 
 .bss.dac_waveform
                0x2000b010        0xc CMakeFiles/DAC-HM.elf.dir/Utils/dac_waveform.c.obj
                0x2000b010                dac_waveform
 .bss.vol_count.0
                0x2000b01c        0x4 CMakeFiles/DAC-HM.elf.dir/Utils/dac_waveform.c.obj
 .bss.vol_count.2
                0x2000b020        0x4 CMakeFiles/DAC-HM.elf.dir/Utils/dac_waveform.c.obj
 .bss.wave_state.1
                0x2000b024        0x4 CMakeFiles/DAC-HM.elf.dir/Utils/dac_waveform.c.obj
 .bss.len       0x2000b028        0x1 CMakeFiles/DAC-HM.elf.dir/Utils/usart_utilize.c.obj
                0x2000b028                len
 .bss.pulse_width
                0x2000b029        0x1 CMakeFiles/DAC-HM.elf.dir/Utils/usart_utilize.c.obj
                0x2000b029                pulse_width
 .bss.t         0x2000b02a        0x1 CMakeFiles/DAC-HM.elf.dir/Utils/usart_utilize.c.obj
                0x2000b02a                t
 .bss.trigger   0x2000b02b        0x1 CMakeFiles/DAC-HM.elf.dir/Utils/usart_utilize.c.obj
                0x2000b02b                trigger
 .bss.__lock___atexit_recursive_mutex
                0x2000b02c        0x1 d:/programfiles/stm32/gcc-arm-none-eabi-10.3-2021.10/bin/../lib/gcc/arm-none-eabi/10.3.1/../../../../arm-none-eabi/lib/thumb/v7e-m/nofp\libc.a(lib_a-lock.o)
                0x2000b02c                __lock___atexit_recursive_mutex
 *fill*         0x2000b02d        0x3 
 .bss.__lock___malloc_recursive_mutex
                0x2000b030        0x1 d:/programfiles/stm32/gcc-arm-none-eabi-10.3-2021.10/bin/../lib/gcc/arm-none-eabi/10.3.1/../../../../arm-none-eabi/lib/thumb/v7e-m/nofp\libc.a(lib_a-lock.o)
                0x2000b030                __lock___malloc_recursive_mutex
 *fill*         0x2000b031        0x3 
 .bss.__lock___sfp_recursive_mutex
                0x2000b034        0x1 d:/programfiles/stm32/gcc-arm-none-eabi-10.3-2021.10/bin/../lib/gcc/arm-none-eabi/10.3.1/../../../../arm-none-eabi/lib/thumb/v7e-m/nofp\libc.a(lib_a-lock.o)
                0x2000b034                __lock___sfp_recursive_mutex
 *fill*         0x2000b035        0x3 
 .bss.__lock___sinit_recursive_mutex
                0x2000b038        0x1 d:/programfiles/stm32/gcc-arm-none-eabi-10.3-2021.10/bin/../lib/gcc/arm-none-eabi/10.3.1/../../../../arm-none-eabi/lib/thumb/v7e-m/nofp\libc.a(lib_a-lock.o)
                0x2000b038                __lock___sinit_recursive_mutex
 *fill*         0x2000b039        0x3 
 .bss.__malloc_current_mallinfo
                0x2000b03c       0x28 d:/programfiles/stm32/gcc-arm-none-eabi-10.3-2021.10/bin/../lib/gcc/arm-none-eabi/10.3.1/../../../../arm-none-eabi/lib/thumb/v7e-m/nofp\libc.a(lib_a-mallocr.o)
                0x2000b03c                __malloc_current_mallinfo
 .bss.__malloc_max_sbrked_mem
                0x2000b064        0x4 d:/programfiles/stm32/gcc-arm-none-eabi-10.3-2021.10/bin/../lib/gcc/arm-none-eabi/10.3.1/../../../../arm-none-eabi/lib/thumb/v7e-m/nofp\libc.a(lib_a-mallocr.o)
                0x2000b064                __malloc_max_sbrked_mem
 .bss.__malloc_max_total_mem
                0x2000b068        0x4 d:/programfiles/stm32/gcc-arm-none-eabi-10.3-2021.10/bin/../lib/gcc/arm-none-eabi/10.3.1/../../../../arm-none-eabi/lib/thumb/v7e-m/nofp\libc.a(lib_a-mallocr.o)
                0x2000b068                __malloc_max_total_mem
 .bss.__malloc_top_pad
                0x2000b06c        0x4 d:/programfiles/stm32/gcc-arm-none-eabi-10.3-2021.10/bin/../lib/gcc/arm-none-eabi/10.3.1/../../../../arm-none-eabi/lib/thumb/v7e-m/nofp\libc.a(lib_a-mallocr.o)
                0x2000b06c                __malloc_top_pad
 .bss.errno     0x2000b070        0x4 d:/programfiles/stm32/gcc-arm-none-eabi-10.3-2021.10/bin/../lib/gcc/arm-none-eabi/10.3.1/../../../../arm-none-eabi/lib/thumb/v7e-m/nofp\libc.a(lib_a-reent.o)
                0x2000b070                errno
 *(COMMON)
                0x2000b074                . = ALIGN (0x4)
                0x2000b074                _ebss = .
                0x2000b074                __bss_end__ = _ebss

._user_heap_stack
                0x2000b074      0x604
                0x2000b078                . = ALIGN (0x8)
 *fill*         0x2000b074        0x4 
                [!provide]                PROVIDE (end = .)
                0x2000b078                PROVIDE (_end = .)
                0x2000b278                . = (. + _Min_Heap_Size)
 *fill*         0x2000b078      0x200 
                0x2000b678                . = (. + _Min_Stack_Size)
 *fill*         0x2000b278      0x400 
                0x2000b678                . = ALIGN (0x8)

/DISCARD/
 libc.a(*)
 libm.a(*)
 libgcc.a(*)

.ARM.attributes
                0x00000000       0x2a
 *(.ARM.attributes)
 .ARM.attributes
                0x00000000       0x1e d:/programfiles/stm32/gcc-arm-none-eabi-10.3-2021.10/bin/../lib/gcc/arm-none-eabi/10.3.1/thumb/v7e-m/nofp/crti.o
 .ARM.attributes
                0x0000001e       0x2e d:/programfiles/stm32/gcc-arm-none-eabi-10.3-2021.10/bin/../lib/gcc/arm-none-eabi/10.3.1/thumb/v7e-m/nofp/crtbegin.o
 .ARM.attributes
                0x0000004c       0x2a CMakeFiles/DAC-HM.elf.dir/Core/Src/gpio.c.obj
 .ARM.attributes
                0x00000076       0x2a CMakeFiles/DAC-HM.elf.dir/Core/Src/main.c.obj
 .ARM.attributes
                0x000000a0       0x2a CMakeFiles/DAC-HM.elf.dir/Core/Src/retarget.c.obj
 .ARM.attributes
                0x000000ca       0x2a CMakeFiles/DAC-HM.elf.dir/Core/Src/stm32f4xx_hal_msp.c.obj
 .ARM.attributes
                0x000000f4       0x2a CMakeFiles/DAC-HM.elf.dir/Core/Src/stm32f4xx_it.c.obj
 .ARM.attributes
                0x0000011e       0x2a CMakeFiles/DAC-HM.elf.dir/Core/Src/syscalls.c.obj
 .ARM.attributes
                0x00000148       0x2a CMakeFiles/DAC-HM.elf.dir/Core/Src/sysmem.c.obj
 .ARM.attributes
                0x00000172       0x2a CMakeFiles/DAC-HM.elf.dir/Core/Src/system_stm32f4xx.c.obj
 .ARM.attributes
                0x0000019c       0x2a CMakeFiles/DAC-HM.elf.dir/Core/Src/tim.c.obj
 .ARM.attributes
                0x000001c6       0x2a CMakeFiles/DAC-HM.elf.dir/Core/Src/usart.c.obj
 .ARM.attributes
                0x000001f0       0x21 CMakeFiles/DAC-HM.elf.dir/Core/Startup/startup_stm32f407zgtx.s.obj
 .ARM.attributes
                0x00000211       0x2a CMakeFiles/DAC-HM.elf.dir/Drivers/STM32F4xx_HAL_Driver/Src/stm32f4xx_hal.c.obj
 .ARM.attributes
                0x0000023b       0x2a CMakeFiles/DAC-HM.elf.dir/Drivers/STM32F4xx_HAL_Driver/Src/stm32f4xx_hal_cortex.c.obj
 .ARM.attributes
                0x00000265       0x2a CMakeFiles/DAC-HM.elf.dir/Drivers/STM32F4xx_HAL_Driver/Src/stm32f4xx_hal_dma.c.obj
 .ARM.attributes
                0x0000028f       0x2a CMakeFiles/DAC-HM.elf.dir/Drivers/STM32F4xx_HAL_Driver/Src/stm32f4xx_hal_gpio.c.obj
 .ARM.attributes
                0x000002b9       0x2a CMakeFiles/DAC-HM.elf.dir/Drivers/STM32F4xx_HAL_Driver/Src/stm32f4xx_hal_rcc.c.obj
 .ARM.attributes
                0x000002e3       0x2a CMakeFiles/DAC-HM.elf.dir/Drivers/STM32F4xx_HAL_Driver/Src/stm32f4xx_hal_tim.c.obj
 .ARM.attributes
                0x0000030d       0x2a CMakeFiles/DAC-HM.elf.dir/Drivers/STM32F4xx_HAL_Driver/Src/stm32f4xx_hal_tim_ex.c.obj
 .ARM.attributes
                0x00000337       0x2a CMakeFiles/DAC-HM.elf.dir/Drivers/STM32F4xx_HAL_Driver/Src/stm32f4xx_hal_uart.c.obj
 .ARM.attributes
                0x00000361       0x2a CMakeFiles/DAC-HM.elf.dir/Hardware/DAC8563.c.obj
 .ARM.attributes
                0x0000038b       0x2a CMakeFiles/DAC-HM.elf.dir/Hardware/LED.c.obj
 .ARM.attributes
                0x000003b5       0x2a CMakeFiles/DAC-HM.elf.dir/Hardware/tim_handle.c.obj
 .ARM.attributes
                0x000003df       0x2a CMakeFiles/DAC-HM.elf.dir/Hardware/usart_handle.c.obj
 .ARM.attributes
                0x00000409       0x2a CMakeFiles/DAC-HM.elf.dir/Utils/Tmux6119.c.obj
 .ARM.attributes
                0x00000433       0x2a CMakeFiles/DAC-HM.elf.dir/Utils/dac_waveform.c.obj
 .ARM.attributes
                0x0000045d       0x2a CMakeFiles/DAC-HM.elf.dir/Utils/usart_utilize.c.obj
 .ARM.attributes
                0x00000487       0x1e d:/programfiles/stm32/gcc-arm-none-eabi-10.3-2021.10/bin/../lib/gcc/arm-none-eabi/10.3.1/thumb/v7e-m/nofp\libgcc.a(_aeabi_uldivmod.o)
 .ARM.attributes
                0x000004a5       0x2e d:/programfiles/stm32/gcc-arm-none-eabi-10.3-2021.10/bin/../lib/gcc/arm-none-eabi/10.3.1/thumb/v7e-m/nofp\libgcc.a(_udivmoddi4.o)
 .ARM.attributes
                0x000004d3       0x1e d:/programfiles/stm32/gcc-arm-none-eabi-10.3-2021.10/bin/../lib/gcc/arm-none-eabi/10.3.1/thumb/v7e-m/nofp\libgcc.a(_dvmd_tls.o)
 .ARM.attributes
                0x000004f1       0x2e d:/programfiles/stm32/gcc-arm-none-eabi-10.3-2021.10/bin/../lib/gcc/arm-none-eabi/10.3.1/../../../../arm-none-eabi/lib/thumb/v7e-m/nofp\libc.a(lib_a-errno.o)
 .ARM.attributes
                0x0000051f       0x2e d:/programfiles/stm32/gcc-arm-none-eabi-10.3-2021.10/bin/../lib/gcc/arm-none-eabi/10.3.1/../../../../arm-none-eabi/lib/thumb/v7e-m/nofp\libc.a(lib_a-impure.o)
 .ARM.attributes
                0x0000054d       0x2e d:/programfiles/stm32/gcc-arm-none-eabi-10.3-2021.10/bin/../lib/gcc/arm-none-eabi/10.3.1/../../../../arm-none-eabi/lib/thumb/v7e-m/nofp\libc.a(lib_a-init.o)
 .ARM.attributes
                0x0000057b       0x2e d:/programfiles/stm32/gcc-arm-none-eabi-10.3-2021.10/bin/../lib/gcc/arm-none-eabi/10.3.1/../../../../arm-none-eabi/lib/thumb/v7e-m/nofp\libc.a(lib_a-memset.o)
 .ARM.attributes
                0x000005a9       0x2e d:/programfiles/stm32/gcc-arm-none-eabi-10.3-2021.10/bin/../lib/gcc/arm-none-eabi/10.3.1/../../../../arm-none-eabi/lib/thumb/v7e-m/nofp\libc.a(lib_a-printf.o)
 .ARM.attributes
                0x000005d7       0x2e d:/programfiles/stm32/gcc-arm-none-eabi-10.3-2021.10/bin/../lib/gcc/arm-none-eabi/10.3.1/../../../../arm-none-eabi/lib/thumb/v7e-m/nofp\libc.a(lib_a-puts.o)
 .ARM.attributes
                0x00000605       0x2e d:/programfiles/stm32/gcc-arm-none-eabi-10.3-2021.10/bin/../lib/gcc/arm-none-eabi/10.3.1/../../../../arm-none-eabi/lib/thumb/v7e-m/nofp\libc.a(lib_a-setvbuf.o)
 .ARM.attributes
                0x00000633       0x1c d:/programfiles/stm32/gcc-arm-none-eabi-10.3-2021.10/bin/../lib/gcc/arm-none-eabi/10.3.1/../../../../arm-none-eabi/lib/thumb/v7e-m/nofp\libc.a(lib_a-strlen.o)
 .ARM.attributes
                0x0000064f       0x2e d:/programfiles/stm32/gcc-arm-none-eabi-10.3-2021.10/bin/../lib/gcc/arm-none-eabi/10.3.1/../../../../arm-none-eabi/lib/thumb/v7e-m/nofp\libc.a(lib_a-vfprintf.o)
 .ARM.attributes
                0x0000067d       0x2e d:/programfiles/stm32/gcc-arm-none-eabi-10.3-2021.10/bin/../lib/gcc/arm-none-eabi/10.3.1/../../../../arm-none-eabi/lib/thumb/v7e-m/nofp\libc.a(lib_a-wsetup.o)
 .ARM.attributes
                0x000006ab       0x2e d:/programfiles/stm32/gcc-arm-none-eabi-10.3-2021.10/bin/../lib/gcc/arm-none-eabi/10.3.1/../../../../arm-none-eabi/lib/thumb/v7e-m/nofp\libc.a(lib_a-__call_atexit.o)
 .ARM.attributes
                0x000006d9       0x2e d:/programfiles/stm32/gcc-arm-none-eabi-10.3-2021.10/bin/../lib/gcc/arm-none-eabi/10.3.1/../../../../arm-none-eabi/lib/thumb/v7e-m/nofp\libc.a(lib_a-atexit.o)
 .ARM.attributes
                0x00000707       0x2e d:/programfiles/stm32/gcc-arm-none-eabi-10.3-2021.10/bin/../lib/gcc/arm-none-eabi/10.3.1/../../../../arm-none-eabi/lib/thumb/v7e-m/nofp\libc.a(lib_a-dtoa.o)
 .ARM.attributes
                0x00000735       0x2e d:/programfiles/stm32/gcc-arm-none-eabi-10.3-2021.10/bin/../lib/gcc/arm-none-eabi/10.3.1/../../../../arm-none-eabi/lib/thumb/v7e-m/nofp\libc.a(lib_a-fflush.o)
 .ARM.attributes
                0x00000763       0x2e d:/programfiles/stm32/gcc-arm-none-eabi-10.3-2021.10/bin/../lib/gcc/arm-none-eabi/10.3.1/../../../../arm-none-eabi/lib/thumb/v7e-m/nofp\libc.a(lib_a-findfp.o)
 .ARM.attributes
                0x00000791       0x2e d:/programfiles/stm32/gcc-arm-none-eabi-10.3-2021.10/bin/../lib/gcc/arm-none-eabi/10.3.1/../../../../arm-none-eabi/lib/thumb/v7e-m/nofp\libc.a(lib_a-fini.o)
 .ARM.attributes
                0x000007bf       0x2e d:/programfiles/stm32/gcc-arm-none-eabi-10.3-2021.10/bin/../lib/gcc/arm-none-eabi/10.3.1/../../../../arm-none-eabi/lib/thumb/v7e-m/nofp\libc.a(lib_a-freer.o)
 .ARM.attributes
                0x000007ed       0x2e d:/programfiles/stm32/gcc-arm-none-eabi-10.3-2021.10/bin/../lib/gcc/arm-none-eabi/10.3.1/../../../../arm-none-eabi/lib/thumb/v7e-m/nofp\libc.a(lib_a-fvwrite.o)
 .ARM.attributes
                0x0000081b       0x2e d:/programfiles/stm32/gcc-arm-none-eabi-10.3-2021.10/bin/../lib/gcc/arm-none-eabi/10.3.1/../../../../arm-none-eabi/lib/thumb/v7e-m/nofp\libc.a(lib_a-fwalk.o)
 .ARM.attributes
                0x00000849       0x2e d:/programfiles/stm32/gcc-arm-none-eabi-10.3-2021.10/bin/../lib/gcc/arm-none-eabi/10.3.1/../../../../arm-none-eabi/lib/thumb/v7e-m/nofp\libc.a(lib_a-localeconv.o)
 .ARM.attributes
                0x00000877       0x2e d:/programfiles/stm32/gcc-arm-none-eabi-10.3-2021.10/bin/../lib/gcc/arm-none-eabi/10.3.1/../../../../arm-none-eabi/lib/thumb/v7e-m/nofp\libc.a(lib_a-lock.o)
 .ARM.attributes
                0x000008a5       0x2e d:/programfiles/stm32/gcc-arm-none-eabi-10.3-2021.10/bin/../lib/gcc/arm-none-eabi/10.3.1/../../../../arm-none-eabi/lib/thumb/v7e-m/nofp\libc.a(lib_a-makebuf.o)
 .ARM.attributes
                0x000008d3       0x2e d:/programfiles/stm32/gcc-arm-none-eabi-10.3-2021.10/bin/../lib/gcc/arm-none-eabi/10.3.1/../../../../arm-none-eabi/lib/thumb/v7e-m/nofp\libc.a(lib_a-malloc.o)
 .ARM.attributes
                0x00000901       0x2e d:/programfiles/stm32/gcc-arm-none-eabi-10.3-2021.10/bin/../lib/gcc/arm-none-eabi/10.3.1/../../../../arm-none-eabi/lib/thumb/v7e-m/nofp\libc.a(lib_a-mallocr.o)
 .ARM.attributes
                0x0000092f       0x1c d:/programfiles/stm32/gcc-arm-none-eabi-10.3-2021.10/bin/../lib/gcc/arm-none-eabi/10.3.1/../../../../arm-none-eabi/lib/thumb/v7e-m/nofp\libc.a(lib_a-memchr.o)
 .ARM.attributes
                0x0000094b       0x1c d:/programfiles/stm32/gcc-arm-none-eabi-10.3-2021.10/bin/../lib/gcc/arm-none-eabi/10.3.1/../../../../arm-none-eabi/lib/thumb/v7e-m/nofp\libc.a(lib_a-memcpy.o)
 .ARM.attributes
                0x00000967       0x2e d:/programfiles/stm32/gcc-arm-none-eabi-10.3-2021.10/bin/../lib/gcc/arm-none-eabi/10.3.1/../../../../arm-none-eabi/lib/thumb/v7e-m/nofp\libc.a(lib_a-memmove.o)
 .ARM.attributes
                0x00000995       0x2e d:/programfiles/stm32/gcc-arm-none-eabi-10.3-2021.10/bin/../lib/gcc/arm-none-eabi/10.3.1/../../../../arm-none-eabi/lib/thumb/v7e-m/nofp\libc.a(lib_a-mlock.o)
 .ARM.attributes
                0x000009c3       0x2e d:/programfiles/stm32/gcc-arm-none-eabi-10.3-2021.10/bin/../lib/gcc/arm-none-eabi/10.3.1/../../../../arm-none-eabi/lib/thumb/v7e-m/nofp\libc.a(lib_a-mprec.o)
 .ARM.attributes
                0x000009f1       0x2e d:/programfiles/stm32/gcc-arm-none-eabi-10.3-2021.10/bin/../lib/gcc/arm-none-eabi/10.3.1/../../../../arm-none-eabi/lib/thumb/v7e-m/nofp\libc.a(lib_a-reallocr.o)
 .ARM.attributes
                0x00000a1f       0x2e d:/programfiles/stm32/gcc-arm-none-eabi-10.3-2021.10/bin/../lib/gcc/arm-none-eabi/10.3.1/../../../../arm-none-eabi/lib/thumb/v7e-m/nofp\libc.a(lib_a-s_frexp.o)
 .ARM.attributes
                0x00000a4d       0x2e d:/programfiles/stm32/gcc-arm-none-eabi-10.3-2021.10/bin/../lib/gcc/arm-none-eabi/10.3.1/../../../../arm-none-eabi/lib/thumb/v7e-m/nofp\libc.a(lib_a-sbrkr.o)
 .ARM.attributes
                0x00000a7b       0x2e d:/programfiles/stm32/gcc-arm-none-eabi-10.3-2021.10/bin/../lib/gcc/arm-none-eabi/10.3.1/../../../../arm-none-eabi/lib/thumb/v7e-m/nofp\libc.a(lib_a-stdio.o)
 .ARM.attributes
                0x00000aa9       0x2e d:/programfiles/stm32/gcc-arm-none-eabi-10.3-2021.10/bin/../lib/gcc/arm-none-eabi/10.3.1/../../../../arm-none-eabi/lib/thumb/v7e-m/nofp\libc.a(lib_a-strncpy.o)
 .ARM.attributes
                0x00000ad7       0x2e d:/programfiles/stm32/gcc-arm-none-eabi-10.3-2021.10/bin/../lib/gcc/arm-none-eabi/10.3.1/../../../../arm-none-eabi/lib/thumb/v7e-m/nofp\libc.a(lib_a-vfiprintf.o)
 .ARM.attributes
                0x00000b05       0x2e d:/programfiles/stm32/gcc-arm-none-eabi-10.3-2021.10/bin/../lib/gcc/arm-none-eabi/10.3.1/../../../../arm-none-eabi/lib/thumb/v7e-m/nofp\libc.a(lib_a-writer.o)
 .ARM.attributes
                0x00000b33       0x2e d:/programfiles/stm32/gcc-arm-none-eabi-10.3-2021.10/bin/../lib/gcc/arm-none-eabi/10.3.1/../../../../arm-none-eabi/lib/thumb/v7e-m/nofp\libc.a(lib_a-__atexit.o)
 .ARM.attributes
                0x00000b61       0x2e d:/programfiles/stm32/gcc-arm-none-eabi-10.3-2021.10/bin/../lib/gcc/arm-none-eabi/10.3.1/../../../../arm-none-eabi/lib/thumb/v7e-m/nofp\libc.a(lib_a-assert.o)
 .ARM.attributes
                0x00000b8f       0x2e d:/programfiles/stm32/gcc-arm-none-eabi-10.3-2021.10/bin/../lib/gcc/arm-none-eabi/10.3.1/../../../../arm-none-eabi/lib/thumb/v7e-m/nofp\libc.a(lib_a-callocr.o)
 .ARM.attributes
                0x00000bbd       0x2e d:/programfiles/stm32/gcc-arm-none-eabi-10.3-2021.10/bin/../lib/gcc/arm-none-eabi/10.3.1/../../../../arm-none-eabi/lib/thumb/v7e-m/nofp\libc.a(lib_a-closer.o)
 .ARM.attributes
                0x00000beb       0x2e d:/programfiles/stm32/gcc-arm-none-eabi-10.3-2021.10/bin/../lib/gcc/arm-none-eabi/10.3.1/../../../../arm-none-eabi/lib/thumb/v7e-m/nofp\libc.a(lib_a-fclose.o)
 .ARM.attributes
                0x00000c19       0x2e d:/programfiles/stm32/gcc-arm-none-eabi-10.3-2021.10/bin/../lib/gcc/arm-none-eabi/10.3.1/../../../../arm-none-eabi/lib/thumb/v7e-m/nofp\libc.a(lib_a-fiprintf.o)
 .ARM.attributes
                0x00000c47       0x2e d:/programfiles/stm32/gcc-arm-none-eabi-10.3-2021.10/bin/../lib/gcc/arm-none-eabi/10.3.1/../../../../arm-none-eabi/lib/thumb/v7e-m/nofp\libc.a(lib_a-fputwc.o)
 .ARM.attributes
                0x00000c75       0x2e d:/programfiles/stm32/gcc-arm-none-eabi-10.3-2021.10/bin/../lib/gcc/arm-none-eabi/10.3.1/../../../../arm-none-eabi/lib/thumb/v7e-m/nofp\libc.a(lib_a-fstatr.o)
 .ARM.attributes
                0x00000ca3       0x2e d:/programfiles/stm32/gcc-arm-none-eabi-10.3-2021.10/bin/../lib/gcc/arm-none-eabi/10.3.1/../../../../arm-none-eabi/lib/thumb/v7e-m/nofp\libc.a(lib_a-isattyr.o)
 .ARM.attributes
                0x00000cd1       0x2e d:/programfiles/stm32/gcc-arm-none-eabi-10.3-2021.10/bin/../lib/gcc/arm-none-eabi/10.3.1/../../../../arm-none-eabi/lib/thumb/v7e-m/nofp\libc.a(lib_a-locale.o)
 .ARM.attributes
                0x00000cff       0x2e d:/programfiles/stm32/gcc-arm-none-eabi-10.3-2021.10/bin/../lib/gcc/arm-none-eabi/10.3.1/../../../../arm-none-eabi/lib/thumb/v7e-m/nofp\libc.a(lib_a-lseekr.o)
 .ARM.attributes
                0x00000d2d       0x2e d:/programfiles/stm32/gcc-arm-none-eabi-10.3-2021.10/bin/../lib/gcc/arm-none-eabi/10.3.1/../../../../arm-none-eabi/lib/thumb/v7e-m/nofp\libc.a(lib_a-mbtowc_r.o)
 .ARM.attributes
                0x00000d5b       0x2e d:/programfiles/stm32/gcc-arm-none-eabi-10.3-2021.10/bin/../lib/gcc/arm-none-eabi/10.3.1/../../../../arm-none-eabi/lib/thumb/v7e-m/nofp\libc.a(lib_a-readr.o)
 .ARM.attributes
                0x00000d89       0x2e d:/programfiles/stm32/gcc-arm-none-eabi-10.3-2021.10/bin/../lib/gcc/arm-none-eabi/10.3.1/../../../../arm-none-eabi/lib/thumb/v7e-m/nofp\libc.a(lib_a-reent.o)
 .ARM.attributes
                0x00000db7       0x2e d:/programfiles/stm32/gcc-arm-none-eabi-10.3-2021.10/bin/../lib/gcc/arm-none-eabi/10.3.1/../../../../arm-none-eabi/lib/thumb/v7e-m/nofp\libc.a(lib_a-wbuf.o)
 .ARM.attributes
                0x00000de5       0x2e d:/programfiles/stm32/gcc-arm-none-eabi-10.3-2021.10/bin/../lib/gcc/arm-none-eabi/10.3.1/../../../../arm-none-eabi/lib/thumb/v7e-m/nofp\libc.a(lib_a-wcrtomb.o)
 .ARM.attributes
                0x00000e13       0x2e d:/programfiles/stm32/gcc-arm-none-eabi-10.3-2021.10/bin/../lib/gcc/arm-none-eabi/10.3.1/../../../../arm-none-eabi/lib/thumb/v7e-m/nofp\libc.a(lib_a-wctomb_r.o)
 .ARM.attributes
                0x00000e41       0x2e d:/programfiles/stm32/gcc-arm-none-eabi-10.3-2021.10/bin/../lib/gcc/arm-none-eabi/10.3.1/../../../../arm-none-eabi/lib/thumb/v7e-m/nofp\libc.a(lib_a-abort.o)
 .ARM.attributes
                0x00000e6f       0x2e d:/programfiles/stm32/gcc-arm-none-eabi-10.3-2021.10/bin/../lib/gcc/arm-none-eabi/10.3.1/../../../../arm-none-eabi/lib/thumb/v7e-m/nofp\libc.a(lib_a-ctype_.o)
 .ARM.attributes
                0x00000e9d       0x2e d:/programfiles/stm32/gcc-arm-none-eabi-10.3-2021.10/bin/../lib/gcc/arm-none-eabi/10.3.1/../../../../arm-none-eabi/lib/thumb/v7e-m/nofp\libc.a(lib_a-signal.o)
 .ARM.attributes
                0x00000ecb       0x2e d:/programfiles/stm32/gcc-arm-none-eabi-10.3-2021.10/bin/../lib/gcc/arm-none-eabi/10.3.1/../../../../arm-none-eabi/lib/thumb/v7e-m/nofp\libc.a(lib_a-signalr.o)
 .ARM.attributes
                0x00000ef9       0x1e d:/programfiles/stm32/gcc-arm-none-eabi-10.3-2021.10/bin/../lib/gcc/arm-none-eabi/10.3.1/thumb/v7e-m/nofp\libgcc.a(_arm_addsubdf3.o)
 .ARM.attributes
                0x00000f17       0x1e d:/programfiles/stm32/gcc-arm-none-eabi-10.3-2021.10/bin/../lib/gcc/arm-none-eabi/10.3.1/thumb/v7e-m/nofp\libgcc.a(_arm_muldivdf3.o)
 .ARM.attributes
                0x00000f35       0x1e d:/programfiles/stm32/gcc-arm-none-eabi-10.3-2021.10/bin/../lib/gcc/arm-none-eabi/10.3.1/thumb/v7e-m/nofp\libgcc.a(_arm_cmpdf2.o)
 .ARM.attributes
                0x00000f53       0x1e d:/programfiles/stm32/gcc-arm-none-eabi-10.3-2021.10/bin/../lib/gcc/arm-none-eabi/10.3.1/thumb/v7e-m/nofp\libgcc.a(_arm_unorddf2.o)
 .ARM.attributes
                0x00000f71       0x1e d:/programfiles/stm32/gcc-arm-none-eabi-10.3-2021.10/bin/../lib/gcc/arm-none-eabi/10.3.1/thumb/v7e-m/nofp\libgcc.a(_arm_fixdfsi.o)
 .ARM.attributes
                0x00000f8f       0x1e d:/programfiles/stm32/gcc-arm-none-eabi-10.3-2021.10/bin/../lib/gcc/arm-none-eabi/10.3.1/thumb/v7e-m/nofp/crtn.o
OUTPUT(DAC-HM.elf elf32-littlearm)
LOAD linker stubs
LOAD d:/programfiles/stm32/gcc-arm-none-eabi-10.3-2021.10/bin/../lib/gcc/arm-none-eabi/10.3.1/../../../../arm-none-eabi/lib/thumb/v7e-m/nofp\libc.a
LOAD d:/programfiles/stm32/gcc-arm-none-eabi-10.3-2021.10/bin/../lib/gcc/arm-none-eabi/10.3.1/../../../../arm-none-eabi/lib/thumb/v7e-m/nofp\libm.a
LOAD d:/programfiles/stm32/gcc-arm-none-eabi-10.3-2021.10/bin/../lib/gcc/arm-none-eabi/10.3.1/thumb/v7e-m/nofp\libgcc.a

.comment        0x00000000       0x49
 .comment       0x00000000       0x49 CMakeFiles/DAC-HM.elf.dir/Core/Src/gpio.c.obj
                                 0x4a (size before relaxing)
 .comment       0x00000049       0x4a CMakeFiles/DAC-HM.elf.dir/Core/Src/main.c.obj
 .comment       0x00000049       0x4a CMakeFiles/DAC-HM.elf.dir/Core/Src/retarget.c.obj
 .comment       0x00000049       0x4a CMakeFiles/DAC-HM.elf.dir/Core/Src/stm32f4xx_hal_msp.c.obj
 .comment       0x00000049       0x4a CMakeFiles/DAC-HM.elf.dir/Core/Src/stm32f4xx_it.c.obj
 .comment       0x00000049       0x4a CMakeFiles/DAC-HM.elf.dir/Core/Src/syscalls.c.obj
 .comment       0x00000049       0x4a CMakeFiles/DAC-HM.elf.dir/Core/Src/sysmem.c.obj
 .comment       0x00000049       0x4a CMakeFiles/DAC-HM.elf.dir/Core/Src/system_stm32f4xx.c.obj
 .comment       0x00000049       0x4a CMakeFiles/DAC-HM.elf.dir/Core/Src/tim.c.obj
 .comment       0x00000049       0x4a CMakeFiles/DAC-HM.elf.dir/Core/Src/usart.c.obj
 .comment       0x00000049       0x4a CMakeFiles/DAC-HM.elf.dir/Drivers/STM32F4xx_HAL_Driver/Src/stm32f4xx_hal.c.obj
 .comment       0x00000049       0x4a CMakeFiles/DAC-HM.elf.dir/Drivers/STM32F4xx_HAL_Driver/Src/stm32f4xx_hal_cortex.c.obj
 .comment       0x00000049       0x4a CMakeFiles/DAC-HM.elf.dir/Drivers/STM32F4xx_HAL_Driver/Src/stm32f4xx_hal_dma.c.obj
 .comment       0x00000049       0x4a CMakeFiles/DAC-HM.elf.dir/Drivers/STM32F4xx_HAL_Driver/Src/stm32f4xx_hal_gpio.c.obj
 .comment       0x00000049       0x4a CMakeFiles/DAC-HM.elf.dir/Drivers/STM32F4xx_HAL_Driver/Src/stm32f4xx_hal_rcc.c.obj
 .comment       0x00000049       0x4a CMakeFiles/DAC-HM.elf.dir/Drivers/STM32F4xx_HAL_Driver/Src/stm32f4xx_hal_tim.c.obj
 .comment       0x00000049       0x4a CMakeFiles/DAC-HM.elf.dir/Drivers/STM32F4xx_HAL_Driver/Src/stm32f4xx_hal_tim_ex.c.obj
 .comment       0x00000049       0x4a CMakeFiles/DAC-HM.elf.dir/Drivers/STM32F4xx_HAL_Driver/Src/stm32f4xx_hal_uart.c.obj
 .comment       0x00000049       0x4a CMakeFiles/DAC-HM.elf.dir/Hardware/DAC8563.c.obj
 .comment       0x00000049       0x4a CMakeFiles/DAC-HM.elf.dir/Hardware/LED.c.obj
 .comment       0x00000049       0x4a CMakeFiles/DAC-HM.elf.dir/Hardware/tim_handle.c.obj
 .comment       0x00000049       0x4a CMakeFiles/DAC-HM.elf.dir/Hardware/usart_handle.c.obj
 .comment       0x00000049       0x4a CMakeFiles/DAC-HM.elf.dir/Utils/Tmux6119.c.obj
 .comment       0x00000049       0x4a CMakeFiles/DAC-HM.elf.dir/Utils/dac_waveform.c.obj
 .comment       0x00000049       0x4a CMakeFiles/DAC-HM.elf.dir/Utils/usart_utilize.c.obj

.debug_frame    0x00000000     0x1624
 .debug_frame   0x00000000       0x2c d:/programfiles/stm32/gcc-arm-none-eabi-10.3-2021.10/bin/../lib/gcc/arm-none-eabi/10.3.1/thumb/v7e-m/nofp\libgcc.a(_aeabi_uldivmod.o)
 .debug_frame   0x0000002c       0x34 d:/programfiles/stm32/gcc-arm-none-eabi-10.3-2021.10/bin/../lib/gcc/arm-none-eabi/10.3.1/thumb/v7e-m/nofp\libgcc.a(_udivmoddi4.o)
 .debug_frame   0x00000060       0x20 d:/programfiles/stm32/gcc-arm-none-eabi-10.3-2021.10/bin/../lib/gcc/arm-none-eabi/10.3.1/../../../../arm-none-eabi/lib/thumb/v7e-m/nofp\libc.a(lib_a-errno.o)
 .debug_frame   0x00000080       0x2c d:/programfiles/stm32/gcc-arm-none-eabi-10.3-2021.10/bin/../lib/gcc/arm-none-eabi/10.3.1/../../../../arm-none-eabi/lib/thumb/v7e-m/nofp\libc.a(lib_a-init.o)
 .debug_frame   0x000000ac       0x2c d:/programfiles/stm32/gcc-arm-none-eabi-10.3-2021.10/bin/../lib/gcc/arm-none-eabi/10.3.1/../../../../arm-none-eabi/lib/thumb/v7e-m/nofp\libc.a(lib_a-memset.o)
 .debug_frame   0x000000d8       0x74 d:/programfiles/stm32/gcc-arm-none-eabi-10.3-2021.10/bin/../lib/gcc/arm-none-eabi/10.3.1/../../../../arm-none-eabi/lib/thumb/v7e-m/nofp\libc.a(lib_a-printf.o)
 .debug_frame   0x0000014c       0x4c d:/programfiles/stm32/gcc-arm-none-eabi-10.3-2021.10/bin/../lib/gcc/arm-none-eabi/10.3.1/../../../../arm-none-eabi/lib/thumb/v7e-m/nofp\libc.a(lib_a-puts.o)
 .debug_frame   0x00000198       0x48 d:/programfiles/stm32/gcc-arm-none-eabi-10.3-2021.10/bin/../lib/gcc/arm-none-eabi/10.3.1/../../../../arm-none-eabi/lib/thumb/v7e-m/nofp\libc.a(lib_a-setvbuf.o)
 .debug_frame   0x000001e0       0x94 d:/programfiles/stm32/gcc-arm-none-eabi-10.3-2021.10/bin/../lib/gcc/arm-none-eabi/10.3.1/../../../../arm-none-eabi/lib/thumb/v7e-m/nofp\libc.a(lib_a-vfprintf.o)
 .debug_frame   0x00000274       0x2c d:/programfiles/stm32/gcc-arm-none-eabi-10.3-2021.10/bin/../lib/gcc/arm-none-eabi/10.3.1/../../../../arm-none-eabi/lib/thumb/v7e-m/nofp\libc.a(lib_a-wsetup.o)
 .debug_frame   0x000002a0       0x5c d:/programfiles/stm32/gcc-arm-none-eabi-10.3-2021.10/bin/../lib/gcc/arm-none-eabi/10.3.1/../../../../arm-none-eabi/lib/thumb/v7e-m/nofp\libc.a(lib_a-__call_atexit.o)
 .debug_frame   0x000002fc       0x20 d:/programfiles/stm32/gcc-arm-none-eabi-10.3-2021.10/bin/../lib/gcc/arm-none-eabi/10.3.1/../../../../arm-none-eabi/lib/thumb/v7e-m/nofp\libc.a(lib_a-atexit.o)